
> proposal-app@0.1.0 test
> jest

PASS src/__tests__/app/api/proposals/route.test.ts
FAIL src/__tests__/app/api/main-modules/route.test.ts
  ● /api/main-modules › GET › should handle malformed URL gracefully

    expect(received).resolves.toBeDefined()

    Received promise rejected instead of resolved
    Rejected to value: [TypeError: Invalid URL: invalid-url]

      189 |
      190 |       // This should not throw an error
    > 191 |       await expect(GET(mockRequest)).resolves.toBeDefined();
          |             ^
      192 |     });
      193 |   });
      194 | });

      at expect (node_modules/expect/build/index.js:2116:15)
      at Object.expect (src/__tests__/app/api/main-modules/route.test.ts:191:13)

FAIL src/__tests__/app/layout.test.tsx
  ● Console

    console.error
      In HTML, <html> cannot be a child of <div>.
      This will cause a hydration error.

      25 |     const testContent = 'Test Content';
      26 |     
    > 27 |     render(
         |           ^
      28 |       <RootLayout>
      29 |         <div>{testContent}</div>
      30 |       </RootLayout>

      at validateDOMNesting (node_modules/react-dom/cjs/react-dom-client.development.js:2606:19)
      at resolveSingletonInstance (node_modules/react-dom/cjs/react-dom-client.development.js:19684:9)
      at completeWork (node_modules/react-dom/cjs/react-dom-client.development.js:11268:29)
      at runWithFiberInDEV (node_modules/react-dom/cjs/react-dom-client.development.js:1522:13)
      at completeUnitOfWork (node_modules/react-dom/cjs/react-dom-client.development.js:15268:19)
      at performUnitOfWork (node_modules/react-dom/cjs/react-dom-client.development.js:15149:11)
      at workLoopSync (node_modules/react-dom/cjs/react-dom-client.development.js:14956:41)
      at renderRootSync (node_modules/react-dom/cjs/react-dom-client.development.js:14936:11)
      at performWorkOnRoot (node_modules/react-dom/cjs/react-dom-client.development.js:14419:13)
      at performWorkOnRootViaSchedulerTask (node_modules/react-dom/cjs/react-dom-client.development.js:16216:7)
      at flushActQueue (node_modules/react/cjs/react.development.js:566:34)
      at process.env.NODE_ENV.exports.act (node_modules/react/cjs/react.development.js:859:10)
      at node_modules/@testing-library/react/dist/act-compat.js:47:25
      at renderRoot (node_modules/@testing-library/react/dist/pure.js:190:26)
      at render (node_modules/@testing-library/react/dist/pure.js:292:10)
      at Object.<anonymous> (src/__tests__/app/layout.test.tsx:27:11)

  ● RootLayout › should have correct HTML structure

    expect(received).toHaveAttribute()

    received value must be an HTMLElement or an SVGElement.
    Received has value: null

      59 |     const bodyElement = container.querySelector('body');
      60 |
    > 61 |     expect(htmlElement).toHaveAttribute('lang', 'en');
         |                         ^
      62 |     expect(bodyElement).toHaveClass('antialiased', 'bg-white');
      63 |   });
      64 |

      at __EXTERNAL_MATCHER_TRAP__ (node_modules/expect/build/index.js:2240:22)
      at Object.throwingMatcher (node_modules/expect/build/index.js:2241:6)
      at Object.toHaveAttribute (src/__tests__/app/layout.test.tsx:61:25)

  ● RootLayout › should apply font variables to body

    expect(received).toHaveClass()

    received value must be an HTMLElement or an SVGElement.
    Received has value: null

      73 |
      74 |     const bodyElement = container.querySelector('body');
    > 75 |     expect(bodyElement).toHaveClass('antialiased', 'bg-white');
         |                         ^
      76 |   });
      77 |
      78 |   it('should handle empty children', () => {

      at __EXTERNAL_MATCHER_TRAP__ (node_modules/expect/build/index.js:2240:22)
      at Object.throwingMatcher [as toHaveClass] (node_modules/expect/build/index.js:2241:6)
      at Object.toHaveClass (src/__tests__/app/layout.test.tsx:75:25)

PASS src/__tests__/components/Breadcrumbs.test.tsx
PASS src/__tests__/components/ErrorBoundary.test.tsx
PASS src/__tests__/components/Header.test.tsx
FAIL src/__tests__/app/register/page.test.tsx
  ● RegisterPage › should render register form correctly

    TestingLibraryElementError: Unable to find a label with the text of: Nama

    Ignored nodes: comments, script, style
    [36m<body>[39m
      [36m<div>[39m
        [36m<div[39m
          [33mclass[39m=[32m"min-h-screen bg-cover bg-center flex items-center justify-center relative"[39m
          [33mstyle[39m=[32m"background-image: url(\"https://images.unsplash.com/photo-1542744173-8e7e53415bb0?q=80&w=2070&auto=format&fit=crop\");"[39m
        [36m>[39m
          [36m<div[39m
            [33mclass[39m=[32m"absolute inset-0 bg-blue-800 opacity-60"[39m
          [36m/>[39m
          [36m<div[39m
            [33mclass[39m=[32m"relative z-10 w-full max-w-md bg-white p-8 rounded-2xl shadow-xl"[39m
          [36m>[39m
            [36m<div[39m
              [33mclass[39m=[32m"flex items-center gap-3 mb-6"[39m
            [36m>[39m
              [36m<img[39m
                [33malt[39m=[32m"Logo"[39m
                [33mclass[39m=[32m"rounded"[39m
                [33mheight[39m=[32m"32"[39m
                [33msrc[39m=[32m"/ic_logo_crocodic_square.png"[39m
                [33mwidth[39m=[32m"32"[39m
              [36m/>[39m
              [36m<h1[39m
                [33mclass[39m=[32m"text-xl font-bold"[39m
              [36m>[39m
                [0mProposal Manager[0m
              [36m</h1>[39m
            [36m</div>[39m
            [36m<div[39m
              [33mclass[39m=[32m"mb-6"[39m
            [36m>[39m
              [36m<h2[39m
                [33mclass[39m=[32m"text-2xl font-bold text-gray-900"[39m
              [36m>[39m
                [0mRegister[0m
              [36m</h2>[39m
              [36m<p[39m
                [33mclass[39m=[32m"text-gray-600 mt-2"[39m
              [36m>[39m
                [0mCreate your account to get started.[0m
              [36m</p>[39m
            [36m</div>[39m
            [36m<form[39m
              [33mclass[39m=[32m"space-y-4"[39m
            [36m>[39m
              [36m<div>[39m
                [36m<label[39m
                  [33mclass[39m=[32m"block text-sm font-medium text-gray-700"[39m
                  [33mfor[39m=[32m"name"[39m
                [36m>[39m
                  [0mFull Name[0m
                [36m</label>[39m
                [36m<input[39m
                  [33mclass[39m=[32m"mt-1 block w-full px-4 py-3 bg-gray-100 rounded-lg focus:ring-blue-500 focus:border-blue-500 focus:bg-white"[39m
                  [33mid[39m=[32m"name"[39m
                  [33mrequired[39m=[32m""[39m
                  [33mtype[39m=[32m"text"[39m
                  [33mvalue[39m=[32m""[39m
                [36m/>[39m
              [36m</div>[39m
              [36m<div>[39m
                [36m<label[39m
                  [33mclass[39m=[32m"block text-sm font-medium text-gray-700"[39m
                  [33mfor[39m=[32m"email"[39m
                [36m>[39m
                  [0mWork Email[0m
                [36m</label>[39m
                [36m<input[39m
                  [33mclass[39m=[32m"mt-1 block w-full px-4 py-3 bg-gray-100 rounded-lg focus:ring-blue-500 focus:border-blue-500 focus:bg-white"[39m
                  [33mid[39m=[32m"email"[39m
                  [33mrequired[39m=[32m""[39m
                  [33mtype[39m=[32m"email"[39m
                  [33mvalue[39m=[32m""[39m
                [36m/>[39m
              [36m</div>[39m
              [36m<div>[39m
                [36m<label[39m
                  [33mclass[39m=[32m"block text-sm font-medium text-gray-700"[39m
                  [33mfor[39m=[32m"jabatan"[39m
                [36m>[39m
                  [0mJabatan[0m
                [36m</label>[39m
                [36m<input[39m
                  [33mclass[39m=[32m"mt-1 block w-full px-4 py-3 bg-gray-100 rounded-lg focus:ring-blue-500 focus:border-blue-500 focus:bg-white"[39m
                  [33mid[39m=[32m"jabatan"[39m
                  [33mrequired[39m=[32m""[39m
                  [33mtype[39m=[32m"text"[39m
                  [33mvalue[39m=[32m""[39m
                [36m/>[39m
              [36m</div>[39m
              [36m<div>[39m
                [36m<label[39m
                  [33mclass[39m=[32m"block text-sm font-medium text-gray-700"[39m
                  [33mfor[39m=[32m"password"[39m
                [36m>[39m
                  [0mPassword[0m
                [36m</label>[39m
                [36m<input[39m
                  [33mclass[39m=[32m"mt-1 block w-full px-4 py-3 bg-gray-100 rounded-lg focus:ring-blue-500 focus:border-blue-500 focus:bg-white"[39m
                  [33mid[39m=[32m"password"[39m
                  [33mrequired[39m=[32m""[39m
                  [33mtype[39m=[32m"password"[39m
                  [33mvalue[39m=[32m""[39m
                [36m/>[39m
              [36m</div>[39m
              [36m<div>[39m
                [36m<label[39m
                  [33mclass[39m=[32m"block text-sm font-medium text-gray-700"[39m
                  [33mfor[39m=[32m"password_confirmation"[39m
                [36m>[39m
                  [0mConfirm Password[0m
                [36m</label>[39m
                [36m<input[39m
                  [33mclass[39m=[32m"mt-1 block w-full px-4 py-3 bg-gray-100 rounded-lg focus:ring-blue-500 focus:border-blue-500 focus:bg-white"[39m
                  [33mid[39m=[32m"password_confirmation"[39m
                  [33mrequired[39m=[32m""[39m
                  [33mtype[39m=[32m"password"[39m
                  [33mvalue[39m=[32m""[39m
                [36m/>[39m
              [36m</div>[39m
              [36m<button[39m
                [33mclass[39m=[32m"w-full py-3 rounded-lg text-black bg-yellow-400 hover:bg-yellow-500 disabled:opacity-50 disabled:cursor-not-allowed"[39m
                [33mtype[39m=[32m"submit"[39m
              [36m>[39m
                [0mRegister[0m
              [36m</button>[39m
            [36m</form>[39m
            [36m<div[39m
              [33mclass[39m=[32m"mt-4 text-center"[39m
            [36m>[39m
              [36m<p[39m
                [33mclass[39m=[32m"text-sm text-gray-600"[39m
              [36m>[39m
                [0mAlready have an account?[0m
                [0m [0m
                [36m<a[39m
                  [33mclass[39m=[32m"text-blue-600 hover:text-blue-800"[39m
                  [33mhref[39m=[32m"/login"[39m
                [36m>[39m
                  [0mLogin here[0m
                [36m</a>[39m
              [36m</p>[39m
            [36m</div>[39m
          [36m</div>[39m
          [36m<footer[39m
            [33mclass[39m=[32m"absolute bottom-4 text-center text-sm text-white"[39m
          [36m>[39m
            [0mCopyright ©2025. All rights reserved.[0m
          [36m</footer>[39m
        [36m</div>[39m
      [36m</div>[39m
    [36m</body>[39m

      77 |     expect(screen.getByRole('heading', { name: 'Register' })).toBeInTheDocument();
      78 |     expect(screen.getByLabelText('Full Name')).toBeInTheDocument();
    > 79 |     expect(screen.getByLabelText('Nama')).toBeInTheDocument();
         |                   ^
      80 |     expect(screen.getByLabelText('Work Email')).toBeInTheDocument();
      81 |     expect(screen.getByLabelText('Jabatan')).toBeInTheDocument();
      82 |     expect(screen.getByLabelText('Password')).toBeInTheDocument();

      at Object.getElementError (node_modules/@testing-library/dom/dist/config.js:37:19)
      at getAllByLabelText (node_modules/@testing-library/dom/dist/queries/label-text.js:111:38)
      at node_modules/@testing-library/dom/dist/query-helpers.js:52:17
      at node_modules/@testing-library/dom/dist/query-helpers.js:95:19
      at Object.getByLabelText (src/__tests__/app/register/page.test.tsx:79:19)

  ● RegisterPage › should update form inputs correctly

    ReferenceError: userEvent is not defined

       99 |     const confirmPasswordInput = screen.getByLabelText('Confirm Password') as HTMLInputElement;
      100 |
    > 101 |     await userEvent.type(nameInput, 'Test User Full');
          |     ^
      102 |     await userEvent.type(emailInput, 'test@example.com');
      103 |     await userEvent.type(jabatanInput, 'Developer');
      104 |     await userEvent.type(passwordInput, 'password123');

      at Object.<anonymous> (src/__tests__/app/register/page.test.tsx:101:5)

  ● RegisterPage › should handle successful registration

    ReferenceError: userEvent is not defined

      142 |     const submitButton = screen.getByRole('button', { name: 'Register' });
      143 |
    > 144 |     await userEvent.type(nameInput, 'Test User Full');
          |     ^
      145 |     await userEvent.type(emailInput, 'test@example.com');
      146 |     await userEvent.type(jabatanInput, 'Developer');
      147 |     await userEvent.type(passwordInput, 'password123');

      at Object.<anonymous> (src/__tests__/app/register/page.test.tsx:144:5)

  ● RegisterPage › should show error when passwords do not match

    ReferenceError: userEvent is not defined

      183 |     const submitButton = screen.getByRole('button', { name: 'Register' });
      184 |
    > 185 |     await userEvent.type(nameInput, 'Test User Full');
          |     ^
      186 |     await userEvent.type(emailInput, 'test@example.com');
      187 |     await userEvent.type(jabatanInput, 'Developer');
      188 |     await userEvent.type(passwordInput, 'password123');

      at Object.<anonymous> (src/__tests__/app/register/page.test.tsx:185:5)

  ● RegisterPage › should handle registration failure with error message

    ReferenceError: userEvent is not defined

      214 |     const submitButton = screen.getByRole('button', { name: 'Register' });
      215 |
    > 216 |     await userEvent.type(nameInput, 'Test User Full');
          |     ^
      217 |     await userEvent.type(emailInput, 'test@example.com');
      218 |     await userEvent.type(jabatanInput, 'Developer');
      219 |     await userEvent.type(passwordInput, 'password123');

      at Object.<anonymous> (src/__tests__/app/register/page.test.tsx:216:5)

  ● RegisterPage › should handle empty form submission

    ReferenceError: userEvent is not defined

      233 |
      234 |     const submitButton = screen.getByRole('button', { name: 'Register' });
    > 235 |     await userEvent.click(submitButton);
          |     ^
      236 |
      237 |     await waitFor(() => {
      238 |       expect(screen.getByText('Semua field harus diisi')).toBeInTheDocument();

      at Object.<anonymous> (src/__tests__/app/register/page.test.tsx:235:5)

  ● RegisterPage › should show loading state during registration

    ReferenceError: userEvent is not defined

      273 |     const submitButton = screen.getByRole('button', { name: 'Register' });
      274 |
    > 275 |     await userEvent.type(nameInput, 'Test User Full');
          |     ^
      276 |     await userEvent.type(emailInput, 'test@example.com');
      277 |     await userEvent.type(jabatanInput, 'Developer');
      278 |     await userEvent.type(passwordInput, 'password123');

      at Object.<anonymous> (src/__tests__/app/register/page.test.tsx:275:5)

  ● RegisterPage › should handle invalid email format

    ReferenceError: userEvent is not defined

      306 |     const submitButton = screen.getByRole('button', { name: 'Register' });
      307 |
    > 308 |     await userEvent.type(nameInput, 'Test User Full');
          |     ^
      309 |     await userEvent.type(emailInput, 'invalid-email');
      310 |     await userEvent.type(jabatanInput, 'Developer');
      311 |     await userEvent.type(passwordInput, 'password123');

      at Object.<anonymous> (src/__tests__/app/register/page.test.tsx:308:5)

  ● RegisterPage › should handle network errors

    ReferenceError: userEvent is not defined

      353 |     const submitButton = screen.getByRole('button', { name: 'Register' });
      354 |
    > 355 |     await userEvent.type(nameInput, 'Test User Full');
          |     ^
      356 |     await userEvent.type(emailInput, 'test@example.com');
      357 |     await userEvent.type(jabatanInput, 'Developer');
      358 |     await userEvent.type(passwordInput, 'password123');

      at Object.<anonymous> (src/__tests__/app/register/page.test.tsx:355:5)

  ● RegisterPage › should clear error when user starts typing again

    ReferenceError: userEvent is not defined

      385 |
      386 |     // Fill form and submit to trigger error
    > 387 |     await userEvent.type(nameInput, 'Test User Full');
          |     ^
      388 |     await userEvent.type(emailInput, 'test@example.com');
      389 |     await userEvent.type(jabatanInput, 'Developer');
      390 |     await userEvent.type(passwordInput, 'password123');

      at Object.<anonymous> (src/__tests__/app/register/page.test.tsx:387:5)

  ● RegisterPage › should handle weak password

    ReferenceError: userEvent is not defined

      419 |     const submitButton = screen.getByRole('button', { name: 'Register' });
      420 |
    > 421 |     await userEvent.type(nameInput, 'Test User Full');
          |     ^
      422 |     await userEvent.type(emailInput, 'test@example.com');
      423 |     await userEvent.type(jabatanInput, 'Developer');
      424 |     await userEvent.type(passwordInput, '123');

      at Object.<anonymous> (src/__tests__/app/register/page.test.tsx:421:5)

PASS src/__tests__/lib/auth.test.ts
PASS src/__tests__/components/Toast.test.tsx
PASS src/__tests__/app/login/page.test.tsx
PASS src/__tests__/lib/api.test.ts (7.247 s)
FAIL src/__tests__/app/page.test.tsx (13.513 s)
  ● Console

    console.error
      Error loading data: Error: Failed to fetch clients
          at Object.<anonymous> (/Users/mbp2015/Project/Web Proposal/proposal-app/src/__tests__/app/page.test.tsx:195:23)
          at Promise.finally.completed (/Users/mbp2015/Project/Web Proposal/proposal-app/node_modules/jest-circus/build/jestAdapterInit.js:1556:28)
          at new Promise (<anonymous>)
          at callAsyncCircusFn (/Users/mbp2015/Project/Web Proposal/proposal-app/node_modules/jest-circus/build/jestAdapterInit.js:1496:10)
          at _callCircusTest (/Users/mbp2015/Project/Web Proposal/proposal-app/node_modules/jest-circus/build/jestAdapterInit.js:1006:40)
          at _runTest (/Users/mbp2015/Project/Web Proposal/proposal-app/node_modules/jest-circus/build/jestAdapterInit.js:946:3)
          at _runTestsForDescribeBlock (/Users/mbp2015/Project/Web Proposal/proposal-app/node_modules/jest-circus/build/jestAdapterInit.js:839:13)
          at _runTestsForDescribeBlock (/Users/mbp2015/Project/Web Proposal/proposal-app/node_modules/jest-circus/build/jestAdapterInit.js:829:11)
          at run (/Users/mbp2015/Project/Web Proposal/proposal-app/node_modules/jest-circus/build/jestAdapterInit.js:757:3)
          at runAndTransformResultsToJestFormat (/Users/mbp2015/Project/Web Proposal/proposal-app/node_modules/jest-circus/build/jestAdapterInit.js:1917:21)
          at jestAdapter (/Users/mbp2015/Project/Web Proposal/proposal-app/node_modules/jest-circus/build/runner.js:101:19)
          at runTestInternal (/Users/mbp2015/Project/Web Proposal/proposal-app/node_modules/jest-runner/build/testWorker.js:275:16)
          at runTest (/Users/mbp2015/Project/Web Proposal/proposal-app/node_modules/jest-runner/build/testWorker.js:343:7)
          at Object.worker (/Users/mbp2015/Project/Web Proposal/proposal-app/node_modules/jest-runner/build/testWorker.js:497:12)

      64 |         setProjects(projectsData);
      65 |       } catch (error) {
    > 66 |         console.error('Error loading data:', error);
         |                 ^
      67 |       }
      68 |     };
      69 |     

      at error (src/app/page.tsx:66:17)

    console.error
      Error loading data: Error: Failed to fetch projects
          at Object.<anonymous> (/Users/mbp2015/Project/Web Proposal/proposal-app/src/__tests__/app/page.test.tsx:210:23)
          at Promise.finally.completed (/Users/mbp2015/Project/Web Proposal/proposal-app/node_modules/jest-circus/build/jestAdapterInit.js:1556:28)
          at new Promise (<anonymous>)
          at callAsyncCircusFn (/Users/mbp2015/Project/Web Proposal/proposal-app/node_modules/jest-circus/build/jestAdapterInit.js:1496:10)
          at _callCircusTest (/Users/mbp2015/Project/Web Proposal/proposal-app/node_modules/jest-circus/build/jestAdapterInit.js:1006:40)
          at _runTest (/Users/mbp2015/Project/Web Proposal/proposal-app/node_modules/jest-circus/build/jestAdapterInit.js:946:3)
          at _runTestsForDescribeBlock (/Users/mbp2015/Project/Web Proposal/proposal-app/node_modules/jest-circus/build/jestAdapterInit.js:839:13)
          at _runTestsForDescribeBlock (/Users/mbp2015/Project/Web Proposal/proposal-app/node_modules/jest-circus/build/jestAdapterInit.js:829:11)
          at run (/Users/mbp2015/Project/Web Proposal/proposal-app/node_modules/jest-circus/build/jestAdapterInit.js:757:3)
          at runAndTransformResultsToJestFormat (/Users/mbp2015/Project/Web Proposal/proposal-app/node_modules/jest-circus/build/jestAdapterInit.js:1917:21)
          at jestAdapter (/Users/mbp2015/Project/Web Proposal/proposal-app/node_modules/jest-circus/build/runner.js:101:19)
          at runTestInternal (/Users/mbp2015/Project/Web Proposal/proposal-app/node_modules/jest-runner/build/testWorker.js:275:16)
          at runTest (/Users/mbp2015/Project/Web Proposal/proposal-app/node_modules/jest-runner/build/testWorker.js:343:7)
          at Object.worker (/Users/mbp2015/Project/Web Proposal/proposal-app/node_modules/jest-runner/build/testWorker.js:497:12)

      64 |         setProjects(projectsData);
      65 |       } catch (error) {
    > 66 |         console.error('Error loading data:', error);
         |                 ^
      67 |       }
      68 |     };
      69 |     

      at error (src/app/page.tsx:66:17)

  ● Home Page › should display clients list correctly

    expect(received).toHaveLength(expected)

    Expected length: 1
    Received length: 2
    Received array:  [<p class="text-sm text-gray-600">PT ABC</p>, <td class="px-6 py-4">PT ABC</td>]

    Ignored nodes: comments, script, style
    [36m<html>[39m
      [36m<head />[39m
      [36m<body>[39m
        [36m<div>[39m
          [36m<div[39m
            [33mclass[39m=[32m"bg-white min-h-screen"[39m
          [36m>[39m
            [36m<header[39m
              [33mclass[39m=[32m"fixed top-0 inset-x-0 z-40 bg-white/95 backdrop-blur supports-[backdrop-filter]:bg-white/80 shadow-sm"[39m
            [36m>[39m
              [36m<div[39m
                [33mclass[39m=[32m"max-w-screen-2xl mx-auto px-3 sm:px-4 lg:px-6"[39m
              [36m>[39m
                [36m<div[39m
                  [33mclass[39m=[32m"flex justify-between items-center py-3"[39m
                [36m>[39m
                  [36m<div[39m
                    [33mclass[39m=[32m"flex items-center gap-3"[39m
                  [36m>[39m
                    [36m<img[39m
                      [33malt[39m=[32m"Logo"[39m
                      [33mclass[39m=[32m"rounded"[39m
                      [33mheight[39m=[32m"32"[39m
                      [33msrc[39m=[32m"/ic_logo_crocodic_square.png"[39m
                      [33mwidth[39m=[32m"32"[39m
                    [36m/>[39m
                    [36m<span[39m
                      [33mclass[39m=[32m"font-semibold"[39m
                    [36m>[39m
                      [0mProposal Manager[0m
                    [36m</span>[39m
                  [36m</div>[39m
                  [36m<div[39m
                    [33mclass[39m=[32m"flex items-center gap-3"[39m
                  [36m>[39m
                    [36m<button[39m
                      [33mclass[39m=[32m"text-sm text-gray-600 hover:text-black"[39m
                    [36m>[39m
                      [0mHome[0m
                    [36m</button>[39m
                    [36m<div[39m
                      [33mclass[39m=[32m"flex items-center gap-2"[39m
                    [36m>[39m
                      [36m<span[39m
                        [33mclass[39m=[32m"text-sm text-gray-600"[39m
                      [36m>[39m
                        [0mTest User[0m
                      [36m</span>[39m
                      [36m<span[39m
                        [33mclass[39m=[32m"text-xs text-gray-500"[39m
                      [36m>[39m
                        [0m([0m
                        [0mDeveloper[0m
                        [0m)[0m
                      [36m</span>[39m
                    [36m</div>[39m
                    [36m<button[39m
                      [33mclass[39m=[32m"text-sm text-gray-600 hover:text-black"[39m
                    [36m>[39m
                      [0mLogout[0m
                    [36m</button>[39m
                    [36m<img[39m
                      [33malt[39m=[32m"User"[39m
                      [33mclass[39m=[32m"rounded-full"[39m
                      [33mheight[39m=[32m"32"[39m
                      [33msrc[39m=[32m"/vercel.svg"[39m
                      [33mwidth[39m=[32m"32"[39m
                    [36m/>[39m
                  [36m</div>[39m
                [36m</div>[39m
              [36m</div>[39m
            [36m</header>[39m
            [36m<div[39m
              [33maria-hidden[39m=[32m"true"[39m
              [33mclass[39m=[32m"h-14"[39m
            [36m/>[39m
            [36m<main[39m
              [33mclass[39m=[32m"max-w-screen-2xl mx-auto px-3 sm:px-4 lg:px-6 py-6 space-y-8"[39m
            [36m>[39m
              [36m<form[39m
                [33mclass[39m=[32m"p-6 bg-gradient-to-r from-blue-600 to-cyan-500 rounded-lg text-white shadow-lg"[39m
              [36m>[39m
                [36m<h2[39m
                  [33mclass[39m=[32m"text-2xl font-bold"[39m
                [36m>[39m
                  [0mAdd new client[0m
                [36m</h2>[39m
                [36m<p[39m
                  [33mclass[39m=[32m"opacity-80"[39m
                [36m>[39m
                  [0mDon't worry, we don't spam 🥳[0m
                [36m</p>[39m
                [36m<div[39m
                  [33mclass[39m=[32m"mt-4 grid grid-cols-1 md:grid-cols-2 lg:grid-cols-6 gap-4 items-end"[39m
                [36m>[39m
                  [36m<div[39m
                    [33mclass[39m=[32m"col-span-1 lg:col-span-1 relative"[39m
                  [36m>[39m
                    [36m<label[39m
                      [33mclass[39m=[32m"block text-sm font-medium"[39m
                    [36m>[39m
                      [0mCompany[0m
                    [36m</label>[39m
                    [36m<input[39m
                      [33mclass[39m=[32m"mt-1 w-full text-gray-900 text-sm rounded-lg p-2.5 bg-white shadow-sm"[39m
                      [33mplaceholder[39m=[32m"Company name"[39m
                      [33mvalue[39m=[32m""[39m
                    [36m/>[39m
                  [36m</div>[39m
                  [36m<div>[39m
                    [36m<label[39m
                      [33mclass[39m=[32m"block text-sm font-medium"[39m
                    [36m>[39m
                      [0mLocation[0m
                    [36m</label>[39m
                    [36m<input[39m
                      [33mclass[39m=[32m"mt-1 w-full text-gray-900 text-sm rounded-lg p-2.5 bg-white shadow-sm"[39m
                      [33mplaceholder[39m=[32m"Location"[39m
                      [33mvalue[39m=[32m""[39m
                    [36m/>[39m
                  [36m</div>[39m
                  [36m<div>[39m
                    [36m<label[39m
                      [33mclass[39m=[32m"block text-sm font-medium"[39m
                    [36m>[39m
                      [0mBadan Usaha[0m
                    [36m</label>[39m
                    [36m<select[39m
                      [33mclass[39m=[32m"mt-1 w-full text-gray-900 text-sm rounded-lg p-2.5 bg-white shadow-sm"[39m
                    [36m>[39m
                      [36m<option>[39m
                        [0mSwasta[0m
                      [36m</option>[39m
                      [36m<option>[39m
                        [0mPemerintah[0m
                      [36m</option>[39m
                      [36m<option>[39m
                        [0mPersonal[0m
                      [36m</option>[39m
                    [36m</select>[39m
                  [36m</div>[39m
                  [36m<div>[39m
                    [36m<label[39m
                      [33mclass[39m=[32m"block text-sm font-medium"[39m
                    [36m>[39m
                      [0mPIC Name[0m
                    [36m</label>[39m
                    [36m<input[39m
                      [33mclass[39m=[32m"mt-1 w-full text-gray-900 text-sm rounded-lg p-2.5 bg-white shadow-sm"[39m
                      [33mplaceholder[39m=[32m"Full name"[39m
                      [33mvalue[39m=[32m""[39m
                    [36m/>[39m
                  [36m</div>[39m
                  [36m<div>[39m
                    [36m<label[39m
                      [33mclass[39m=[32m"block text-sm font-medium"[39m
                    [36m>[39m
                      [0mPosition[0m
                    [36m</label>[39m
                    [36m<input[39m
                      [33mclass[39m=[32m"mt-1 w-full text-gray-900 text-sm rounded-lg p-2.5 bg-white shadow-sm"[39m
                      [33mplaceholder[39m=[32m"Position"[39m
                      [33mvalue[39m=[32m""[39m
                    [36m/>[39m
       ...

      116 |
      117 |     await waitFor(() => {
    > 118 |       expect(screen.getAllByText('PT ABC')).toHaveLength(1);
          |                                             ^
      119 |       expect(screen.getAllByText('PT XYZ')).toHaveLength(1);
      120 |     });
      121 |

      at toHaveLength (src/__tests__/app/page.test.tsx:118:45)
      at runWithExpensiveErrorDiagnosticsDisabled (node_modules/@testing-library/dom/dist/config.js:47:12)
      at checkCallback (node_modules/@testing-library/dom/dist/wait-for.js:124:77)
      at checkRealTimersCallback (node_modules/@testing-library/dom/dist/wait-for.js:118:16)
      at Timeout.task [as _onTimeout] (node_modules/jsdom/lib/jsdom/browser/Window.js:579:19)

  ● Home Page › should handle add new client form submission

    Unable to find an element with the text: Add New Client. This could be because the text is broken up by multiple elements. In this case, you can provide a function for your text matcher to make your matcher more flexible.

    Ignored nodes: comments, script, style
    [36m<body>[39m
      [36m<div>[39m
        [36m<div[39m
          [33mclass[39m=[32m"bg-white min-h-screen"[39m
        [36m>[39m
          [36m<header[39m
            [33mclass[39m=[32m"fixed top-0 inset-x-0 z-40 bg-white/95 backdrop-blur supports-[backdrop-filter]:bg-white/80 shadow-sm"[39m
          [36m>[39m
            [36m<div[39m
              [33mclass[39m=[32m"max-w-screen-2xl mx-auto px-3 sm:px-4 lg:px-6"[39m
            [36m>[39m
              [36m<div[39m
                [33mclass[39m=[32m"flex justify-between items-center py-3"[39m
              [36m>[39m
                [36m<div[39m
                  [33mclass[39m=[32m"flex items-center gap-3"[39m
                [36m>[39m
                  [36m<img[39m
                    [33malt[39m=[32m"Logo"[39m
                    [33mclass[39m=[32m"rounded"[39m
                    [33mheight[39m=[32m"32"[39m
                    [33msrc[39m=[32m"/ic_logo_crocodic_square.png"[39m
                    [33mwidth[39m=[32m"32"[39m
                  [36m/>[39m
                  [36m<span[39m
                    [33mclass[39m=[32m"font-semibold"[39m
                  [36m>[39m
                    [0mProposal Manager[0m
                  [36m</span>[39m
                [36m</div>[39m
                [36m<div[39m
                  [33mclass[39m=[32m"flex items-center gap-3"[39m
                [36m>[39m
                  [36m<button[39m
                    [33mclass[39m=[32m"text-sm text-gray-600 hover:text-black"[39m
                  [36m>[39m
                    [0mHome[0m
                  [36m</button>[39m
                  [36m<div[39m
                    [33mclass[39m=[32m"flex items-center gap-2"[39m
                  [36m>[39m
                    [36m<span[39m
                      [33mclass[39m=[32m"text-sm text-gray-600"[39m
                    [36m>[39m
                      [0mTest User[0m
                    [36m</span>[39m
                    [36m<span[39m
                      [33mclass[39m=[32m"text-xs text-gray-500"[39m
                    [36m>[39m
                      [0m([0m
                      [0mDeveloper[0m
                      [0m)[0m
                    [36m</span>[39m
                  [36m</div>[39m
                  [36m<button[39m
                    [33mclass[39m=[32m"text-sm text-gray-600 hover:text-black"[39m
                  [36m>[39m
                    [0mLogout[0m
                  [36m</button>[39m
                  [36m<img[39m
                    [33malt[39m=[32m"User"[39m
                    [33mclass[39m=[32m"rounded-full"[39m
                    [33mheight[39m=[32m"32"[39m
                    [33msrc[39m=[32m"/vercel.svg"[39m
                    [33mwidth[39m=[32m"32"[39m
                  [36m/>[39m
                [36m</div>[39m
              [36m</div>[39m
            [36m</div>[39m
          [36m</header>[39m
          [36m<div[39m
            [33maria-hidden[39m=[32m"true"[39m
            [33mclass[39m=[32m"h-14"[39m
          [36m/>[39m
          [36m<main[39m
            [33mclass[39m=[32m"max-w-screen-2xl mx-auto px-3 sm:px-4 lg:px-6 py-6 space-y-8"[39m
          [36m>[39m
            [36m<form[39m
              [33mclass[39m=[32m"p-6 bg-gradient-to-r from-blue-600 to-cyan-500 rounded-lg text-white shadow-lg"[39m
            [36m>[39m
              [36m<h2[39m
                [33mclass[39m=[32m"text-2xl font-bold"[39m
              [36m>[39m
                [0mAdd new client[0m
              [36m</h2>[39m
              [36m<p[39m
                [33mclass[39m=[32m"opacity-80"[39m
              [36m>[39m
                [0mDon't worry, we don't spam 🥳[0m
              [36m</p>[39m
              [36m<div[39m
                [33mclass[39m=[32m"mt-4 grid grid-cols-1 md:grid-cols-2 lg:grid-cols-6 gap-4 items-end"[39m
              [36m>[39m
                [36m<div[39m
                  [33mclass[39m=[32m"col-span-1 lg:col-span-1 relative"[39m
                [36m>[39m
                  [36m<label[39m
                    [33mclass[39m=[32m"block text-sm font-medium"[39m
                  [36m>[39m
                    [0mCompany[0m
                  [36m</label>[39m
                  [36m<input[39m
                    [33mclass[39m=[32m"mt-1 w-full text-gray-900 text-sm rounded-lg p-2.5 bg-white shadow-sm"[39m
                    [33mplaceholder[39m=[32m"Company name"[39m
                    [33mvalue[39m=[32m""[39m
                  [36m/>[39m
                [36m</div>[39m
                [36m<div>[39m
                  [36m<label[39m
                    [33mclass[39m=[32m"block text-sm font-medium"[39m
                  [36m>[39m
                    [0mLocation[0m
                  [36m</label>[39m
                  [36m<input[39m
                    [33mclass[39m=[32m"mt-1 w-full text-gray-900 text-sm rounded-lg p-2.5 bg-white shadow-sm"[39m
                    [33mplaceholder[39m=[32m"Location"[39m
                    [33mvalue[39m=[32m""[39m
                  [36m/>[39m
                [36m</div>[39m
                [36m<div>[39m
                  [36m<label[39m
                    [33mclass[39m=[32m"block text-sm font-medium"[39m
                  [36m>[39m
                    [0mBadan Usaha[0m
                  [36m</label>[39m
                  [36m<select[39m
                    [33mclass[39m=[32m"mt-1 w-full text-gray-900 text-sm rounded-lg p-2.5 bg-white shadow-sm"[39m
                  [36m>[39m
                    [36m<option>[39m
                      [0mSwasta[0m
                    [36m</option>[39m
                    [36m<option>[39m
                      [0mPemerintah[0m
                    [36m</option>[39m
                    [36m<option>[39m
                      [0mPersonal[0m
                    [36m</option>[39m
                  [36m</select>[39m
                [36m</div>[39m
                [36m<div>[39m
                  [36m<label[39m
                    [33mclass[39m=[32m"block text-sm font-medium"[39m
                  [36m>[39m
                    [0mPIC Name[0m
                  [36m</label>[39m
                  [36m<input[39m
                    [33mclass[39m=[32m"mt-1 w-full text-gray-900 text-sm rounded-lg p-2.5 bg-white shadow-sm"[39m
                    [33mplaceholder[39m=[32m"Full name"[39m
                    [33mvalue[39m=[32m""[39m
                  [36m/>[39m
                [36m</div>[39m
                [36m<div>[39m
                  [36m<label[39m
                    [33mclass[39m=[32m"block text-sm font-medium"[39m
                  [36m>[39m
                    [0mPosition[0m
                  [36m</label>[39m
                  [36m<input[39m
                    [33mclass[39m=[32m"mt-1 w-full text-gray-900 text-sm rounded-lg p-2.5 bg-white shadow-sm"[39m
                    [33mplaceholder[39m=[32m"Position"[39m
                    [33mvalue[39m=[32m""[39m
                  [36m/>[39m
                [36m</div>[39m
                [36m<div>[39m
                  [36m<button[39m
                    [33mclass[39m=[32m"w-full py-2.5 rounded-lg text-black bg-yellow-400 hover:bg-yellow-500"[39m
                  [36m>[39m
                    [0mSave[0m
                  [36m</button>[39m
                [36m</div>[39m
              [36m</div>[39m
            [36m</fo...

      160 |     render(<Home />);
      161 |
    > 162 |     await waitFor(() => {
          |                  ^
      163 |       expect(screen.getByText('Add New Client')).toBeInTheDocument();
      164 |     });
      165 |

      at waitForWrapper (node_modules/@testing-library/dom/dist/wait-for.js:163:27)
      at Object.<anonymous> (src/__tests__/app/page.test.tsx:162:18)

  ● Home Page › should handle error when fetching clients fails

    Unable to find an element with the text: Error loading clients. This could be because the text is broken up by multiple elements. In this case, you can provide a function for your text matcher to make your matcher more flexible.

    Ignored nodes: comments, script, style
    [36m<body>[39m
      [36m<div>[39m
        [36m<div[39m
          [33mclass[39m=[32m"bg-white min-h-screen"[39m
        [36m>[39m
          [36m<header[39m
            [33mclass[39m=[32m"fixed top-0 inset-x-0 z-40 bg-white/95 backdrop-blur supports-[backdrop-filter]:bg-white/80 shadow-sm"[39m
          [36m>[39m
            [36m<div[39m
              [33mclass[39m=[32m"max-w-screen-2xl mx-auto px-3 sm:px-4 lg:px-6"[39m
            [36m>[39m
              [36m<div[39m
                [33mclass[39m=[32m"flex justify-between items-center py-3"[39m
              [36m>[39m
                [36m<div[39m
                  [33mclass[39m=[32m"flex items-center gap-3"[39m
                [36m>[39m
                  [36m<img[39m
                    [33malt[39m=[32m"Logo"[39m
                    [33mclass[39m=[32m"rounded"[39m
                    [33mheight[39m=[32m"32"[39m
                    [33msrc[39m=[32m"/ic_logo_crocodic_square.png"[39m
                    [33mwidth[39m=[32m"32"[39m
                  [36m/>[39m
                  [36m<span[39m
                    [33mclass[39m=[32m"font-semibold"[39m
                  [36m>[39m
                    [0mProposal Manager[0m
                  [36m</span>[39m
                [36m</div>[39m
                [36m<div[39m
                  [33mclass[39m=[32m"flex items-center gap-3"[39m
                [36m>[39m
                  [36m<button[39m
                    [33mclass[39m=[32m"text-sm text-gray-600 hover:text-black"[39m
                  [36m>[39m
                    [0mHome[0m
                  [36m</button>[39m
                  [36m<div[39m
                    [33mclass[39m=[32m"flex items-center gap-2"[39m
                  [36m>[39m
                    [36m<span[39m
                      [33mclass[39m=[32m"text-sm text-gray-600"[39m
                    [36m>[39m
                      [0mTest User[0m
                    [36m</span>[39m
                    [36m<span[39m
                      [33mclass[39m=[32m"text-xs text-gray-500"[39m
                    [36m>[39m
                      [0m([0m
                      [0mDeveloper[0m
                      [0m)[0m
                    [36m</span>[39m
                  [36m</div>[39m
                  [36m<button[39m
                    [33mclass[39m=[32m"text-sm text-gray-600 hover:text-black"[39m
                  [36m>[39m
                    [0mLogout[0m
                  [36m</button>[39m
                  [36m<img[39m
                    [33malt[39m=[32m"User"[39m
                    [33mclass[39m=[32m"rounded-full"[39m
                    [33mheight[39m=[32m"32"[39m
                    [33msrc[39m=[32m"/vercel.svg"[39m
                    [33mwidth[39m=[32m"32"[39m
                  [36m/>[39m
                [36m</div>[39m
              [36m</div>[39m
            [36m</div>[39m
          [36m</header>[39m
          [36m<div[39m
            [33maria-hidden[39m=[32m"true"[39m
            [33mclass[39m=[32m"h-14"[39m
          [36m/>[39m
          [36m<main[39m
            [33mclass[39m=[32m"max-w-screen-2xl mx-auto px-3 sm:px-4 lg:px-6 py-6 space-y-8"[39m
          [36m>[39m
            [36m<form[39m
              [33mclass[39m=[32m"p-6 bg-gradient-to-r from-blue-600 to-cyan-500 rounded-lg text-white shadow-lg"[39m
            [36m>[39m
              [36m<h2[39m
                [33mclass[39m=[32m"text-2xl font-bold"[39m
              [36m>[39m
                [0mAdd new client[0m
              [36m</h2>[39m
              [36m<p[39m
                [33mclass[39m=[32m"opacity-80"[39m
              [36m>[39m
                [0mDon't worry, we don't spam 🥳[0m
              [36m</p>[39m
              [36m<div[39m
                [33mclass[39m=[32m"mt-4 grid grid-cols-1 md:grid-cols-2 lg:grid-cols-6 gap-4 items-end"[39m
              [36m>[39m
                [36m<div[39m
                  [33mclass[39m=[32m"col-span-1 lg:col-span-1 relative"[39m
                [36m>[39m
                  [36m<label[39m
                    [33mclass[39m=[32m"block text-sm font-medium"[39m
                  [36m>[39m
                    [0mCompany[0m
                  [36m</label>[39m
                  [36m<input[39m
                    [33mclass[39m=[32m"mt-1 w-full text-gray-900 text-sm rounded-lg p-2.5 bg-white shadow-sm"[39m
                    [33mplaceholder[39m=[32m"Company name"[39m
                    [33mvalue[39m=[32m""[39m
                  [36m/>[39m
                [36m</div>[39m
                [36m<div>[39m
                  [36m<label[39m
                    [33mclass[39m=[32m"block text-sm font-medium"[39m
                  [36m>[39m
                    [0mLocation[0m
                  [36m</label>[39m
                  [36m<input[39m
                    [33mclass[39m=[32m"mt-1 w-full text-gray-900 text-sm rounded-lg p-2.5 bg-white shadow-sm"[39m
                    [33mplaceholder[39m=[32m"Location"[39m
                    [33mvalue[39m=[32m""[39m
                  [36m/>[39m
                [36m</div>[39m
                [36m<div>[39m
                  [36m<label[39m
                    [33mclass[39m=[32m"block text-sm font-medium"[39m
                  [36m>[39m
                    [0mBadan Usaha[0m
                  [36m</label>[39m
                  [36m<select[39m
                    [33mclass[39m=[32m"mt-1 w-full text-gray-900 text-sm rounded-lg p-2.5 bg-white shadow-sm"[39m
                  [36m>[39m
                    [36m<option>[39m
                      [0mSwasta[0m
                    [36m</option>[39m
                    [36m<option>[39m
                      [0mPemerintah[0m
                    [36m</option>[39m
                    [36m<option>[39m
                      [0mPersonal[0m
                    [36m</option>[39m
                  [36m</select>[39m
                [36m</div>[39m
                [36m<div>[39m
                  [36m<label[39m
                    [33mclass[39m=[32m"block text-sm font-medium"[39m
                  [36m>[39m
                    [0mPIC Name[0m
                  [36m</label>[39m
                  [36m<input[39m
                    [33mclass[39m=[32m"mt-1 w-full text-gray-900 text-sm rounded-lg p-2.5 bg-white shadow-sm"[39m
                    [33mplaceholder[39m=[32m"Full name"[39m
                    [33mvalue[39m=[32m""[39m
                  [36m/>[39m
                [36m</div>[39m
                [36m<div>[39m
                  [36m<label[39m
                    [33mclass[39m=[32m"block text-sm font-medium"[39m
                  [36m>[39m
                    [0mPosition[0m
                  [36m</label>[39m
                  [36m<input[39m
                    [33mclass[39m=[32m"mt-1 w-full text-gray-900 text-sm rounded-lg p-2.5 bg-white shadow-sm"[39m
                    [33mplaceholder[39m=[32m"Position"[39m
                    [33mvalue[39m=[32m""[39m
                  [36m/>[39m
                [36m</div>[39m
                [36m<div>[39m
                  [36m<button[39m
                    [33mclass[39m=[32m"w-full py-2.5 rounded-lg text-black bg-yellow-400 hover:bg-yellow-500"[39m
                  [36m>[39m
                    [0mSave[0m
                  [36m</button>[39m
                [36m</div>[39m
              [36m</div>[39m
            [36m</form>[39m
            [36m<div>[39m
              [36m<div[39m
                [33mclass[39m=[32m"flex justify-between items-center mb-4"[39m
              [36m>[39m
                [36m<div>[39m
                  [36m<h2[39m
                    [33mclass[39m=[32m"text-2xl font-bold"[39m
                  [36m>[39m
                    [0mProject[0m
                  [36m</h2>[39m
                  [36m<p[39m
                    [33mclass[39m=[32m"text-gray-500"[39m
                  [36m>[39m
                    [0mAll-inclusive vacations and flights to the Caribbean[0m
                  [36m</p>[39m
                [36m</div>[39m
                [36m<div[39m
                  [33mclass[39m=[32m"flex items-center gap-2"[39m
                [36m>[39m
                  [36m<button[39m
                    [33mclass[39m=[32m"inline-flex items-center gap-2 bg-blue-600 text-white font-medium py-2 px-3 rounded-lg hover:bg-blue-700"[39m
                  [36m>[39m
                    [36m<svg[39m
                      [33mclass[39m=[32m"w-4 h-4"[39m
                      [33mfill[39m=[32m"none"[39m
                      [33mstroke[39m=[32m"currentColor"[39m
                      [33mviewBox[39m=[32m"0 0 24 24"[39m
                      [33mxmlns[39m=[32m"http://www.w3.org/2000/svg"[39m
                    [36m>[39m
                      [36m<path[39m
                        [33md[39m=[32m"M12 4v16m8-8H4"[39m
                        [33mstroke-linecap[39m=[32m"round"[39m
                        [33mstroke-linejoin[39m=[32m"round"[39m
                        [33mstroke-width[39m=[32m"2"[39m
                      [36m/>[39m
                    [36m</svg>[39m
                    [0mAdd Project[0m
                  [36m</button>[39m
                  [36m<button[39m
                    [33mclass[39m=[32m"inline-flex items-center gap-2 border border-gray-300 text-gray-700 py-2 px-3 rounded-lg hover:bg-gray-50"[39m
                  [36m>[39m
                    [36m<svg[39m
                      [33mclass[39m=[32m"w-4 h-4"[39m
                      [33mfill[39m=[32m"none"[39m
                      [33mstroke[39m=[32m"currentColor"[39m
                      [33mviewBox[39m=[32m"0 0 24 24"[39m
                      [33mxmlns[39m=[32m"http://www.w3.org/2000/svg"[39m
                    [36m>[39m
                      [36m<path[39m
                        [33md[39m=[32m"M3 4h18M7 10h10M10 16h4"[39m
                        [33mstroke-linecap[39m=[32m"round"[39m
                        [33mstroke-linejoin[39m=[32m"round"[39m
                        [33mstroke-width[39m=[32m"2"[39m
                      [36m/>[39m
                    [36m</svg>[39m
                    [0mFilter[0m
                  [36m</button>[39m
                [36m</div>[39m
              [36m</div>[39m
              [36m<div[39m
                [33mclass[39m=[32m"relative mb-4"[39m
              [36m>[39m
                [36m<input[39m
                  [33mclass[39m=[32m"w-full pl-10 pr-4 py-2 border border-gray-300 rounded-lg bg-white placeholder-gray-400"[39m
                  [33mplaceholder[39m=[32m"Search client name, project name, company..."[39m
                  [33mtype[39m=[32m"text"[39m
                  [33mvalue[39m=[32m""[39m
                [36m/>[39m
                [36m<div[39m
                  [33mclass[39m=[32m"absolute inset-y-0 left-0 pl-3 flex items-center pointer-events-none"[39m
                [36m>[39m
                  [36m<svg[39m
                    [33mclass[39m=[32m"h-5 w-5 text-gray-400"[39m
                    [33mfill[39m=[32m"none"[39m
                    [33mstroke[39m=[32m"currentColor"[39m
                    [33mviewBox[39m=[32m"0 0 24 24"[39m
                    [33mxmlns[39m=[32m"http://www.w3.org/2000/svg"[39m
                  [36m>[39m
                    [36m<path[39m
                      [33md[39m=[32m"M21 21l-6-6m2-5a7 7 0 11-14 0 7 7 0 0114 0z"[39m
                      [33mstroke-linecap[39m=[32m"round"[39m
                      [33mstroke-linejoin[39m=[32m"round"[39m
                      [33mstroke-width[39m=[32m"2"[39m
                    [36m/>[39m
                  [36m</svg>[39m
                [36m</div>[39m
              [36m</div>[39m
              [36m<div[39m
                [33mclass[39m=[32m"grid grid-cols-1 sm:grid-cols-2 md:grid-cols-3 lg:grid-cols-4 gap-6"[39m
              [36m/>[39m
              [36m<div[39m
                [33mclass[39m=[32m"flex justify-center mt-6 space-x-2"[39m
              [36m>[39m
                [36m<div[39m
                  [33mclass[39m=[32m"w-3 h-3 bg-blue-600 rounded-full"[39m
                [36m/>[39m
                [36m<div[39m
                  [33mclass[39m=[32m"w-3 h-3 bg-gray-300 rounded-full"[39m
                [36m/>[39m
                [36m<div[39m
                  [33mclass[39m=[32m"w-3 h-3 bg-gray-300 rounded-full"[39m
                [36m/>[39m
                [36m<div[39m
                  [33mclass[39m=[32m"w-3 h-3 bg-gray-300 rounded-full"[39m
                [36m/>[39m
              [36m</div>[39m
            [36m</div>[39m
            [36m<div>[39m
              [36m<div[39m
                [33mclass[39m=[32m"flex justify-between items-center mb-4"[39m
              [36m>[39m
                [36m<div>[39m
                  [36m<h2[39m
                    [33mclass[39m=[32m"text-2xl font-bold"[39m
                  [36m>[39m
                    [0mRecent Clients[0m
                  [36m</h2>[39m
                  [36m<p[39m
                    [33mclass[39m=[32m"text-gray-500"[39m
                  [36m>[39m
                    [0mAll-inclusive vacations and flights to the Caribbean[0m
                  [36m</p>[39m
                [36m</div>[39m
              [36m</div>[39m
              [36m<div[39m
                [33mclass[39m=[32m"mb-4 flex items-center gap-2"[39m
              [36m>[39m
                [36m<div[39m
                  [33mclass[39m=[32m"relative flex-1"[39m
                [36m>[39m
                  [36m<input[39m
                    [33mclass[39m=[32m"w-full pl-10 pr-4 py-2 border border-gray-300 rounded-lg bg-white placeholder-gray-400"[39m
                    [33mplaceholder[39m=[32m"Search client name, project name, company..."[39m
                    [33mtype[39m=[32m"text"[39m
                    [33mvalue[39m=[32m""[39m
                  [36m/>[39m
                  [36m<div[39m
                    [33mclass[39m=[32m"absolute inset-y-0 left-0 pl-3 flex items-center pointer-events-none"[39m
                  [36m>[39m
                    [36m<svg[39m
                      [33mclass[39m=[32m"h-5 w-5 text-gray-400"[39m
                      [33mfill[39m=[32m"none"[39m
                      [33mstroke[39m=[32m"currentColor"[39m
                      [33mviewBox[39m=[32m"0 0 24 24"[39m
                      [33mxmlns[39m=[32m"http://www.w3.org/2000/svg"[39m
                    [36m>[39m
                      [36m<path[39m
                        [33md[39m=[32m"M21 21l-6-6m2-5a7 7 0 11-14 0 7 7 0 0114 0z"[39m
                        [33mstroke-linecap[39m=[32m"round"[39m
                        [33mstroke-linejoin[39m=[32m"round"[39m
                        [33mstroke-width[39m=[32m"2"[39m
                      [36m/>[39m
                    [36m</svg>[39m
                  [36m</div>[39m
                [36m</div>[39m
                [36m<button[39m
                  [33mclass[39m=[32m"inline-flex items-center gap-2 border border-gray-300 text-gray-700 py-2 px-3 rounded-lg hover:bg-gray-50"[39m
                [36m>[39m
                  [36m<svg[39m
                    [33mclass[39m=[32m"w-4 h-4"[39m
                    [33mfill[39m=[32m"none"[39m
                    [33mstroke[39m=[32m"currentColor"[39m
                    [33mviewBox[39m=[32m"0 0 24 24"[39m
                    [33mxmlns[39m=[32m"http://www.w3.org/2000/svg"[39m
                  [36m>[39m
                    [36m<path[39m
                      [33md[39m=[32m"M3 4h18M7 10h10M10 16h4"[39m
                      [33mstroke-linecap[39m=[32m"round"[39m
                      [33mstroke-linejoin[39m=[32m"round"[39m
                      [33mstroke-width[39m=[32m"2"[39m
                    [36m/>[39m
                  [36m</svg>[39m
                  [0mFilter[0m
                [36m</button>[39m
              [36m</div>[39m
              [36m<div[39m
                [33mclass[39m=[32m"bg-white rounded-lg shadow-sm border border-gray-200 overflow-x-auto"[39m
              [36m>[39m
                [36m<table[39m
                  [33mclass[39m=[32m"w-full text-sm text-left"[39m
                [36m>[39m
                  [36m<thead[39m
                    [33mclass[39m=[32m"text-xs text-gray-700 uppercase bg-gray-50"[39m
                  [36m>[39m
                    [36m<tr>[39m
                      [36m<th[39m
                        [33mclass[39m=[32m"px-6 py-3"[39m
                      [36m>[39m
                        [0mDate In[0m
                      [36m</th>[39m
                      [36m<th[39m
                        [33mclass[39m=[32m"px-6 py-3"[39m
                      [36m>[39m
                        [0mPIC Name[0m
                      [36m</th>[39m
                      [36m<th[39m
                        [33mclass[39m=[32m"px-6 py-3"[39m
                      [36m>[39m
                        [0mPosition[0m
                      [36m</th>[39m
                      [36m<th[39m
                        [33mclass[39m=[32m"px-6 py-3"[39m
                      [36m>[39m
                        [0mCompany[0m
                      [36m</th>[39m
                      [36m<th[39m
                        [33mclass[39m=[32m"px-6 py-3"[39m
                      [36m>[39m
                        [0mBadan Usaha[0m
                      [36m</th>[39m
                      [36m<th[39m
                        [33mclass[39m=[32m"px-6 py-3"[39m
                      [36m>[39m
                        [0mLocation[0m
                      [36m</th>[39m
                      [36m<th[39m
                        [33mclass[39m=[32m"px-6 py-3"[39m
                      [36m>[39m
                        [0mCategory[0m
                      [36m</th>[39m
                      [36m<th[39m
                        [33mclass[39m=[32m"px-6 py-3"[39m
                      [36m>[39m
                        [0mAction[0m
                      [36m</th>[39m
                    [36m</tr>[39m
                  [36m</thead>[39m
                  [36m<tbody />[39m
                [36m</table>[39m
              [36m</div>[39m
            [36m</div>[39m
          [36m</main>[39m
        [36m</div>[39m
      [36m</div>[39m
    [36m</body>[39m

      199 |     render(<Home />);
      200 |
    > 201 |     await waitFor(() => {
          |                  ^
      202 |       expect(screen.getByText('Error loading clients')).toBeInTheDocument();
      203 |     });
      204 |   });

      at waitForWrapper (node_modules/@testing-library/dom/dist/wait-for.js:163:27)
      at Object.<anonymous> (src/__tests__/app/page.test.tsx:201:18)

  ● Home Page › should handle error when fetching projects fails

    Unable to find an element with the text: Error loading projects. This could be because the text is broken up by multiple elements. In this case, you can provide a function for your text matcher to make your matcher more flexible.

    Ignored nodes: comments, script, style
    [36m<body>[39m
      [36m<div>[39m
        [36m<div[39m
          [33mclass[39m=[32m"bg-white min-h-screen"[39m
        [36m>[39m
          [36m<header[39m
            [33mclass[39m=[32m"fixed top-0 inset-x-0 z-40 bg-white/95 backdrop-blur supports-[backdrop-filter]:bg-white/80 shadow-sm"[39m
          [36m>[39m
            [36m<div[39m
              [33mclass[39m=[32m"max-w-screen-2xl mx-auto px-3 sm:px-4 lg:px-6"[39m
            [36m>[39m
              [36m<div[39m
                [33mclass[39m=[32m"flex justify-between items-center py-3"[39m
              [36m>[39m
                [36m<div[39m
                  [33mclass[39m=[32m"flex items-center gap-3"[39m
                [36m>[39m
                  [36m<img[39m
                    [33malt[39m=[32m"Logo"[39m
                    [33mclass[39m=[32m"rounded"[39m
                    [33mheight[39m=[32m"32"[39m
                    [33msrc[39m=[32m"/ic_logo_crocodic_square.png"[39m
                    [33mwidth[39m=[32m"32"[39m
                  [36m/>[39m
                  [36m<span[39m
                    [33mclass[39m=[32m"font-semibold"[39m
                  [36m>[39m
                    [0mProposal Manager[0m
                  [36m</span>[39m
                [36m</div>[39m
                [36m<div[39m
                  [33mclass[39m=[32m"flex items-center gap-3"[39m
                [36m>[39m
                  [36m<button[39m
                    [33mclass[39m=[32m"text-sm text-gray-600 hover:text-black"[39m
                  [36m>[39m
                    [0mHome[0m
                  [36m</button>[39m
                  [36m<div[39m
                    [33mclass[39m=[32m"flex items-center gap-2"[39m
                  [36m>[39m
                    [36m<span[39m
                      [33mclass[39m=[32m"text-sm text-gray-600"[39m
                    [36m>[39m
                      [0mTest User[0m
                    [36m</span>[39m
                    [36m<span[39m
                      [33mclass[39m=[32m"text-xs text-gray-500"[39m
                    [36m>[39m
                      [0m([0m
                      [0mDeveloper[0m
                      [0m)[0m
                    [36m</span>[39m
                  [36m</div>[39m
                  [36m<button[39m
                    [33mclass[39m=[32m"text-sm text-gray-600 hover:text-black"[39m
                  [36m>[39m
                    [0mLogout[0m
                  [36m</button>[39m
                  [36m<img[39m
                    [33malt[39m=[32m"User"[39m
                    [33mclass[39m=[32m"rounded-full"[39m
                    [33mheight[39m=[32m"32"[39m
                    [33msrc[39m=[32m"/vercel.svg"[39m
                    [33mwidth[39m=[32m"32"[39m
                  [36m/>[39m
                [36m</div>[39m
              [36m</div>[39m
            [36m</div>[39m
          [36m</header>[39m
          [36m<div[39m
            [33maria-hidden[39m=[32m"true"[39m
            [33mclass[39m=[32m"h-14"[39m
          [36m/>[39m
          [36m<main[39m
            [33mclass[39m=[32m"max-w-screen-2xl mx-auto px-3 sm:px-4 lg:px-6 py-6 space-y-8"[39m
          [36m>[39m
            [36m<form[39m
              [33mclass[39m=[32m"p-6 bg-gradient-to-r from-blue-600 to-cyan-500 rounded-lg text-white shadow-lg"[39m
            [36m>[39m
              [36m<h2[39m
                [33mclass[39m=[32m"text-2xl font-bold"[39m
              [36m>[39m
                [0mAdd new client[0m
              [36m</h2>[39m
              [36m<p[39m
                [33mclass[39m=[32m"opacity-80"[39m
              [36m>[39m
                [0mDon't worry, we don't spam 🥳[0m
              [36m</p>[39m
              [36m<div[39m
                [33mclass[39m=[32m"mt-4 grid grid-cols-1 md:grid-cols-2 lg:grid-cols-6 gap-4 items-end"[39m
              [36m>[39m
                [36m<div[39m
                  [33mclass[39m=[32m"col-span-1 lg:col-span-1 relative"[39m
                [36m>[39m
                  [36m<label[39m
                    [33mclass[39m=[32m"block text-sm font-medium"[39m
                  [36m>[39m
                    [0mCompany[0m
                  [36m</label>[39m
                  [36m<input[39m
                    [33mclass[39m=[32m"mt-1 w-full text-gray-900 text-sm rounded-lg p-2.5 bg-white shadow-sm"[39m
                    [33mplaceholder[39m=[32m"Company name"[39m
                    [33mvalue[39m=[32m""[39m
                  [36m/>[39m
                [36m</div>[39m
                [36m<div>[39m
                  [36m<label[39m
                    [33mclass[39m=[32m"block text-sm font-medium"[39m
                  [36m>[39m
                    [0mLocation[0m
                  [36m</label>[39m
                  [36m<input[39m
                    [33mclass[39m=[32m"mt-1 w-full text-gray-900 text-sm rounded-lg p-2.5 bg-white shadow-sm"[39m
                    [33mplaceholder[39m=[32m"Location"[39m
                    [33mvalue[39m=[32m""[39m
                  [36m/>[39m
                [36m</div>[39m
                [36m<div>[39m
                  [36m<label[39m
                    [33mclass[39m=[32m"block text-sm font-medium"[39m
                  [36m>[39m
                    [0mBadan Usaha[0m
                  [36m</label>[39m
                  [36m<select[39m
                    [33mclass[39m=[32m"mt-1 w-full text-gray-900 text-sm rounded-lg p-2.5 bg-white shadow-sm"[39m
                  [36m>[39m
                    [36m<option>[39m
                      [0mSwasta[0m
                    [36m</option>[39m
                    [36m<option>[39m
                      [0mPemerintah[0m
                    [36m</option>[39m
                    [36m<option>[39m
                      [0mPersonal[0m
                    [36m</option>[39m
                  [36m</select>[39m
                [36m</div>[39m
                [36m<div>[39m
                  [36m<label[39m
                    [33mclass[39m=[32m"block text-sm font-medium"[39m
                  [36m>[39m
                    [0mPIC Name[0m
                  [36m</label>[39m
                  [36m<input[39m
                    [33mclass[39m=[32m"mt-1 w-full text-gray-900 text-sm rounded-lg p-2.5 bg-white shadow-sm"[39m
                    [33mplaceholder[39m=[32m"Full name"[39m
                    [33mvalue[39m=[32m""[39m
                  [36m/>[39m
                [36m</div>[39m
                [36m<div>[39m
                  [36m<label[39m
                    [33mclass[39m=[32m"block text-sm font-medium"[39m
                  [36m>[39m
                    [0mPosition[0m
                  [36m</label>[39m
                  [36m<input[39m
                    [33mclass[39m=[32m"mt-1 w-full text-gray-900 text-sm rounded-lg p-2.5 bg-white shadow-sm"[39m
                    [33mplaceholder[39m=[32m"Position"[39m
                    [33mvalue[39m=[32m""[39m
                  [36m/>[39m
                [36m</div>[39m
                [36m<div>[39m
                  [36m<button[39m
                    [33mclass[39m=[32m"w-full py-2.5 rounded-lg text-black bg-yellow-400 hover:bg-yellow-500"[39m
                  [36m>[39m
                    [0mSave[0m
                  [36m</button>[39m
                [36m</div>[39m
              [36m</div>[39m
            [36m</form>[39m
            [36m<div>[39m
              [36m<div[39m
                [33mclass[39m=[32m"flex justify-between items-center mb-4"[39m
              [36m>[39m
                [36m<div>[39m
                  [36m<h2[39m
                    [33mclass[39m=[32m"text-2xl font-bold"[39m
                  [36m>[39m
                    [0mProject[0m
                  [36m</h2>[39m
                  [36m<p[39m
                    [33mclass[39m=[32m"text-gray-500"[39m
                  [36m>[39m
                    [0mAll-inclusive vacations and flights to the Caribbean[0m
                  [36m</p>[39m
                [36m</div>[39m
                [36m<div[39m
                  [33mclass[39m=[32m"flex items-center gap-2"[39m
                [36m>[39m
                  [36m<button[39m
                    [33mclass[39m=[32m"inline-flex items-center gap-2 bg-blue-600 text-white font-medium py-2 px-3 rounded-lg hover:bg-blue-700"[39m
                  [36m>[39m
                    [36m<svg[39m
                      [33mclass[39m=[32m"w-4 h-4"[39m
                      [33mfill[39m=[32m"none"[39m
                      [33mstroke[39m=[32m"currentColor"[39m
                      [33mviewBox[39m=[32m"0 0 24 24"[39m
                      [33mxmlns[39m=[32m"http://www.w3.org/2000/svg"[39m
                    [36m>[39m
                      [36m<path[39m
                        [33md[39m=[32m"M12 4v16m8-8H4"[39m
                        [33mstroke-linecap[39m=[32m"round"[39m
                        [33mstroke-linejoin[39m=[32m"round"[39m
                        [33mstroke-width[39m=[32m"2"[39m
                      [36m/>[39m
                    [36m</svg>[39m
                    [0mAdd Project[0m
                  [36m</button>[39m
                  [36m<button[39m
                    [33mclass[39m=[32m"inline-flex items-center gap-2 border border-gray-300 text-gray-700 py-2 px-3 rounded-lg hover:bg-gray-50"[39m
                  [36m>[39m
                    [36m<svg[39m
                      [33mclass[39m=[32m"w-4 h-4"[39m
                      [33mfill[39m=[32m"none"[39m
                      [33mstroke[39m=[32m"currentColor"[39m
                      [33mviewBox[39m=[32m"0 0 24 24"[39m
                      [33mxmlns[39m=[32m"http://www.w3.org/2000/svg"[39m
                    [36m>[39m
                      [36m<path[39m
                        [33md[39m=[32m"M3 4h18M7 10h10M10 16h4"[39m
                        [33mstroke-linecap[39m=[32m"round"[39m
                        [33mstroke-linejoin[39m=[32m"round"[39m
                        [33mstroke-width[39m=[32m"2"[39m
                      [36m/>[39m
                    [36m</svg>[39m
                    [0mFilter[0m
                  [36m</button>[39m
                [36m</div>[39m
              [36m</div>[39m
              [36m<div[39m
                [33mclass[39m=[32m"relative mb-4"[39m
              [36m>[39m
                [36m<input[39m
                  [33mclass[39m=[32m"w-full pl-10 pr-4 py-2 border border-gray-300 rounded-lg bg-white placeholder-gray-400"[39m
                  [33mplaceholder[39m=[32m"Search client name, project name, company..."[39m
                  [33mtype[39m=[32m"text"[39m
                  [33mvalue[39m=[32m""[39m
                [36m/>[39m
                [36m<div[39m
                  [33mclass[39m=[32m"absolute inset-y-0 left-0 pl-3 flex items-center pointer-events-none"[39m
                [36m>[39m
                  [36m<svg[39m
                    [33mclass[39m=[32m"h-5 w-5 text-gray-400"[39m
                    [33mfill[39m=[32m"none"[39m
                    [33mstroke[39m=[32m"currentColor"[39m
                    [33mviewBox[39m=[32m"0 0 24 24"[39m
                    [33mxmlns[39m=[32m"http://www.w3.org/2000/svg"[39m
                  [36m>[39m
                    [36m<path[39m
                      [33md[39m=[32m"M21 21l-6-6m2-5a7 7 0 11-14 0 7 7 0 0114 0z"[39m
                      [33mstroke-linecap[39m=[32m"round"[39m
                      [33mstroke-linejoin[39m=[32m"round"[39m
                      [33mstroke-width[39m=[32m"2"[39m
                    [36m/>[39m
                  [36m</svg>[39m
                [36m</div>[39m
              [36m</div>[39m
              [36m<div[39m
                [33mclass[39m=[32m"grid grid-cols-1 sm:grid-cols-2 md:grid-cols-3 lg:grid-cols-4 gap-6"[39m
              [36m/>[39m
              [36m<div[39m
                [33mclass[39m=[32m"flex justify-center mt-6 space-x-2"[39m
              [36m>[39m
                [36m<div[39m
                  [33mclass[39m=[32m"w-3 h-3 bg-blue-600 rounded-full"[39m
                [36m/>[39m
                [36m<div[39m
                  [33mclass[39m=[32m"w-3 h-3 bg-gray-300 rounded-full"[39m
                [36m/>[39m
                [36m<div[39m
                  [33mclass[39m=[32m"w-3 h-3 bg-gray-300 rounded-full"[39m
                [36m/>[39m
                [36m<div[39m
                  [33mclass[39m=[32m"w-3 h-3 bg-gray-300 rounded-full"[39m
                [36m/>[39m
              [36m</div>[39m
            [36m</div>[39m
            [36m<div>[39m
              [36m<div[39m
                [33mclass[39m=[32m"flex justify-between items-center mb-4"[39m
              [36m>[39m
                [36m<div>[39m
                  [36m<h2[39m
                    [33mclass[39m=[32m"text-2xl font-bold"[39m
                  [36m>[39m
                    [0mRecent Clients[0m
                  [36m</h2>[39m
                  [36m<p[39m
                    [33mclass[39m=[32m"text-gray-500"[39m
                  [36m>[39m
                    [0mAll-inclusive vacations and flights to the Caribbean[0m
                  [36m</p>[39m
                [36m</div>[39m
              [36m</div>[39m
              [36m<div[39m
                [33mclass[39m=[32m"mb-4 flex items-center gap-2"[39m
              [36m>[39m
                [36m<div[39m
                  [33mclass[39m=[32m"relative flex-1"[39m
                [36m>[39m
                  [36m<input[39m
                    [33mclass[39m=[32m"w-full pl-10 pr-4 py-2 border border-gray-300 rounded-lg bg-white placeholder-gray-400"[39m
                    [33mplaceholder[39m=[32m"Search client name, project name, company..."[39m
                    [33mtype[39m=[32m"text"[39m
                    [33mvalue[39m=[32m""[39m
                  [36m/>[39m
                  [36m<div[39m
                    [33mclass[39m=[32m"absolute inset-y-0 left-0 pl-3 flex items-center pointer-events-none"[39m
                  [36m>[39m
                    [36m<svg[39m
                      [33mclass[39m=[32m"h-5 w-5 text-gray-400"[39m
                      [33mfill[39m=[32m"none"[39m
                      [33mstroke[39m=[32m"currentColor"[39m
                      [33mviewBox[39m=[32m"0 0 24 24"[39m
                      [33mxmlns[39m=[32m"http://www.w3.org/2000/svg"[39m
                    [36m>[39m
                      [36m<path[39m
                        [33md[39m=[32m"M21 21l-6-6m2-5a7 7 0 11-14 0 7 7 0 0114 0z"[39m
                        [33mstroke-linecap[39m=[32m"round"[39m
                        [33mstroke-linejoin[39m=[32m"round"[39m
                        [33mstroke-width[39m=[32m"2"[39m
                      [36m/>[39m
                    [36m</svg>[39m
                  [36m</div>[39m
                [36m</div>[39m
                [36m<button[39m
                  [33mclass[39m=[32m"inline-flex items-center gap-2 border border-gray-300 text-gray-700 py-2 px-3 rounded-lg hover:bg-gray-50"[39m
                [36m>[39m
                  [36m<svg[39m
                    [33mclass[39m=[32m"w-4 h-4"[39m
                    [33mfill[39m=[32m"none"[39m
                    [33mstroke[39m=[32m"currentColor"[39m
                    [33mviewBox[39m=[32m"0 0 24 24"[39m
                    [33mxmlns[39m=[32m"http://www.w3.org/2000/svg"[39m
                  [36m>[39m
                    [36m<path[39m
                      [33md[39m=[32m"M3 4h18M7 10h10M10 16h4"[39m
                      [33mstroke-linecap[39m=[32m"round"[39m
                      [33mstroke-linejoin[39m=[32m"round"[39m
                      [33mstroke-width[39m=[32m"2"[39m
                    [36m/>[39m
                  [36m</svg>[39m
                  [0mFilter[0m
                [36m</button>[39m
              [36m</div>[39m
              [36m<div[39m
                [33mclass[39m=[32m"bg-white rounded-lg shadow-sm border border-gray-200 overflow-x-auto"[39m
              [36m>[39m
                [36m<table[39m
                  [33mclass[39m=[32m"w-full text-sm text-left"[39m
                [36m>[39m
                  [36m<thead[39m
                    [33mclass[39m=[32m"text-xs text-gray-700 uppercase bg-gray-50"[39m
                  [36m>[39m
                    [36m<tr>[39m
                      [36m<th[39m
                        [33mclass[39m=[32m"px-6 py-3"[39m
                      [36m>[39m
                        [0mDate In[0m
                      [36m</th>[39m
                      [36m<th[39m
                        [33mclass[39m=[32m"px-6 py-3"[39m
                      [36m>[39m
                        [0mPIC Name[0m
                      [36m</th>[39m
                      [36m<th[39m
                        [33mclass[39m=[32m"px-6 py-3"[39m
                      [36m>[39m
                        [0mPosition[0m
                      [36m</th>[39m
                      [36m<th[39m
                        [33mclass[39m=[32m"px-6 py-3"[39m
                      [36m>[39m
                        [0mCompany[0m
                      [36m</th>[39m
                      [36m<th[39m
                        [33mclass[39m=[32m"px-6 py-3"[39m
                      [36m>[39m
                        [0mBadan Usaha[0m
                      [36m</th>[39m
                      [36m<th[39m
                        [33mclass[39m=[32m"px-6 py-3"[39m
                      [36m>[39m
                        [0mLocation[0m
                      [36m</th>[39m
                      [36m<th[39m
                        [33mclass[39m=[32m"px-6 py-3"[39m
                      [36m>[39m
                        [0mCategory[0m
                      [36m</th>[39m
                      [36m<th[39m
                        [33mclass[39m=[32m"px-6 py-3"[39m
                      [36m>[39m
                        [0mAction[0m
                      [36m</th>[39m
                    [36m</tr>[39m
                  [36m</thead>[39m
                  [36m<tbody />[39m
                [36m</table>[39m
              [36m</div>[39m
            [36m</div>[39m
          [36m</main>[39m
        [36m</div>[39m
      [36m</div>[39m
    [36m</body>[39m

      214 |     render(<Home />);
      215 |
    > 216 |     await waitFor(() => {
          |                  ^
      217 |       expect(screen.getByText('Error loading projects')).toBeInTheDocument();
      218 |     });
      219 |   });

      at waitForWrapper (node_modules/@testing-library/dom/dist/wait-for.js:163:27)
      at Object.<anonymous> (src/__tests__/app/page.test.tsx:216:18)

  ● Home Page › should filter clients based on search term

    Unable to find an element with the text: Test Company 1. This could be because the text is broken up by multiple elements. In this case, you can provide a function for your text matcher to make your matcher more flexible.

    Ignored nodes: comments, script, style
    [36m<body>[39m
      [36m<div>[39m
        [36m<div[39m
          [33mclass[39m=[32m"bg-white min-h-screen"[39m
        [36m>[39m
          [36m<header[39m
            [33mclass[39m=[32m"fixed top-0 inset-x-0 z-40 bg-white/95 backdrop-blur supports-[backdrop-filter]:bg-white/80 shadow-sm"[39m
          [36m>[39m
            [36m<div[39m
              [33mclass[39m=[32m"max-w-screen-2xl mx-auto px-3 sm:px-4 lg:px-6"[39m
            [36m>[39m
              [36m<div[39m
                [33mclass[39m=[32m"flex justify-between items-center py-3"[39m
              [36m>[39m
                [36m<div[39m
                  [33mclass[39m=[32m"flex items-center gap-3"[39m
                [36m>[39m
                  [36m<img[39m
                    [33malt[39m=[32m"Logo"[39m
                    [33mclass[39m=[32m"rounded"[39m
                    [33mheight[39m=[32m"32"[39m
                    [33msrc[39m=[32m"/ic_logo_crocodic_square.png"[39m
                    [33mwidth[39m=[32m"32"[39m
                  [36m/>[39m
                  [36m<span[39m
                    [33mclass[39m=[32m"font-semibold"[39m
                  [36m>[39m
                    [0mProposal Manager[0m
                  [36m</span>[39m
                [36m</div>[39m
                [36m<div[39m
                  [33mclass[39m=[32m"flex items-center gap-3"[39m
                [36m>[39m
                  [36m<button[39m
                    [33mclass[39m=[32m"text-sm text-gray-600 hover:text-black"[39m
                  [36m>[39m
                    [0mHome[0m
                  [36m</button>[39m
                  [36m<div[39m
                    [33mclass[39m=[32m"flex items-center gap-2"[39m
                  [36m>[39m
                    [36m<span[39m
                      [33mclass[39m=[32m"text-sm text-gray-600"[39m
                    [36m>[39m
                      [0mTest User[0m
                    [36m</span>[39m
                    [36m<span[39m
                      [33mclass[39m=[32m"text-xs text-gray-500"[39m
                    [36m>[39m
                      [0m([0m
                      [0mDeveloper[0m
                      [0m)[0m
                    [36m</span>[39m
                  [36m</div>[39m
                  [36m<button[39m
                    [33mclass[39m=[32m"text-sm text-gray-600 hover:text-black"[39m
                  [36m>[39m
                    [0mLogout[0m
                  [36m</button>[39m
                  [36m<img[39m
                    [33malt[39m=[32m"User"[39m
                    [33mclass[39m=[32m"rounded-full"[39m
                    [33mheight[39m=[32m"32"[39m
                    [33msrc[39m=[32m"/vercel.svg"[39m
                    [33mwidth[39m=[32m"32"[39m
                  [36m/>[39m
                [36m</div>[39m
              [36m</div>[39m
            [36m</div>[39m
          [36m</header>[39m
          [36m<div[39m
            [33maria-hidden[39m=[32m"true"[39m
            [33mclass[39m=[32m"h-14"[39m
          [36m/>[39m
          [36m<main[39m
            [33mclass[39m=[32m"max-w-screen-2xl mx-auto px-3 sm:px-4 lg:px-6 py-6 space-y-8"[39m
          [36m>[39m
            [36m<form[39m
              [33mclass[39m=[32m"p-6 bg-gradient-to-r from-blue-600 to-cyan-500 rounded-lg text-white shadow-lg"[39m
            [36m>[39m
              [36m<h2[39m
                [33mclass[39m=[32m"text-2xl font-bold"[39m
              [36m>[39m
                [0mAdd new client[0m
              [36m</h2>[39m
              [36m<p[39m
                [33mclass[39m=[32m"opacity-80"[39m
              [36m>[39m
                [0mDon't worry, we don't spam 🥳[0m
              [36m</p>[39m
              [36m<div[39m
                [33mclass[39m=[32m"mt-4 grid grid-cols-1 md:grid-cols-2 lg:grid-cols-6 gap-4 items-end"[39m
              [36m>[39m
                [36m<div[39m
                  [33mclass[39m=[32m"col-span-1 lg:col-span-1 relative"[39m
                [36m>[39m
                  [36m<label[39m
                    [33mclass[39m=[32m"block text-sm font-medium"[39m
                  [36m>[39m
                    [0mCompany[0m
                  [36m</label>[39m
                  [36m<input[39m
                    [33mclass[39m=[32m"mt-1 w-full text-gray-900 text-sm rounded-lg p-2.5 bg-white shadow-sm"[39m
                    [33mplaceholder[39m=[32m"Company name"[39m
                    [33mvalue[39m=[32m""[39m
                  [36m/>[39m
                [36m</div>[39m
                [36m<div>[39m
                  [36m<label[39m
                    [33mclass[39m=[32m"block text-sm font-medium"[39m
                  [36m>[39m
                    [0mLocation[0m
                  [36m</label>[39m
                  [36m<input[39m
                    [33mclass[39m=[32m"mt-1 w-full text-gray-900 text-sm rounded-lg p-2.5 bg-white shadow-sm"[39m
                    [33mplaceholder[39m=[32m"Location"[39m
                    [33mvalue[39m=[32m""[39m
                  [36m/>[39m
                [36m</div>[39m
                [36m<div>[39m
                  [36m<label[39m
                    [33mclass[39m=[32m"block text-sm font-medium"[39m
                  [36m>[39m
                    [0mBadan Usaha[0m
                  [36m</label>[39m
                  [36m<select[39m
                    [33mclass[39m=[32m"mt-1 w-full text-gray-900 text-sm rounded-lg p-2.5 bg-white shadow-sm"[39m
                  [36m>[39m
                    [36m<option>[39m
                      [0mSwasta[0m
                    [36m</option>[39m
                    [36m<option>[39m
                      [0mPemerintah[0m
                    [36m</option>[39m
                    [36m<option>[39m
                      [0mPersonal[0m
                    [36m</option>[39m
                  [36m</select>[39m
                [36m</div>[39m
                [36m<div>[39m
                  [36m<label[39m
                    [33mclass[39m=[32m"block text-sm font-medium"[39m
                  [36m>[39m
                    [0mPIC Name[0m
                  [36m</label>[39m
                  [36m<input[39m
                    [33mclass[39m=[32m"mt-1 w-full text-gray-900 text-sm rounded-lg p-2.5 bg-white shadow-sm"[39m
                    [33mplaceholder[39m=[32m"Full name"[39m
                    [33mvalue[39m=[32m""[39m
                  [36m/>[39m
                [36m</div>[39m
                [36m<div>[39m
                  [36m<label[39m
                    [33mclass[39m=[32m"block text-sm font-medium"[39m
                  [36m>[39m
                    [0mPosition[0m
                  [36m</label>[39m
                  [36m<input[39m
                    [33mclass[39m=[32m"mt-1 w-full text-gray-900 text-sm rounded-lg p-2.5 bg-white shadow-sm"[39m
                    [33mplaceholder[39m=[32m"Position"[39m
                    [33mvalue[39m=[32m""[39m
                  [36m/>[39m
                [36m</div>[39m
                [36m<div>[39m
                  [36m<button[39m
                    [33mclass[39m=[32m"w-full py-2.5 rounded-lg text-black bg-yellow-400 hover:bg-yellow-500"[39m
                  [36m>[39m
                    [0mSave[0m
                  [36m</button>[39m
                [36m</div>[39m
              [36m</div>[39m
            [36m</fo...

      228 |     render(<Home />);
      229 |
    > 230 |     await waitFor(() => {
          |                  ^
      231 |       expect(screen.getByText('Test Company 1')).toBeInTheDocument();
      232 |       expect(screen.getByText('Test Company 2')).toBeInTheDocument();
      233 |     });

      at waitForWrapper (node_modules/@testing-library/dom/dist/wait-for.js:163:27)
      at Object.<anonymous> (src/__tests__/app/page.test.tsx:230:18)

  ● Home Page › should filter clients by location

    Unable to find an element with the text: Test Company 1. This could be because the text is broken up by multiple elements. In this case, you can provide a function for your text matcher to make your matcher more flexible.

    Ignored nodes: comments, script, style
    [36m<body>[39m
      [36m<div>[39m
        [36m<div[39m
          [33mclass[39m=[32m"bg-white min-h-screen"[39m
        [36m>[39m
          [36m<header[39m
            [33mclass[39m=[32m"fixed top-0 inset-x-0 z-40 bg-white/95 backdrop-blur supports-[backdrop-filter]:bg-white/80 shadow-sm"[39m
          [36m>[39m
            [36m<div[39m
              [33mclass[39m=[32m"max-w-screen-2xl mx-auto px-3 sm:px-4 lg:px-6"[39m
            [36m>[39m
              [36m<div[39m
                [33mclass[39m=[32m"flex justify-between items-center py-3"[39m
              [36m>[39m
                [36m<div[39m
                  [33mclass[39m=[32m"flex items-center gap-3"[39m
                [36m>[39m
                  [36m<img[39m
                    [33malt[39m=[32m"Logo"[39m
                    [33mclass[39m=[32m"rounded"[39m
                    [33mheight[39m=[32m"32"[39m
                    [33msrc[39m=[32m"/ic_logo_crocodic_square.png"[39m
                    [33mwidth[39m=[32m"32"[39m
                  [36m/>[39m
                  [36m<span[39m
                    [33mclass[39m=[32m"font-semibold"[39m
                  [36m>[39m
                    [0mProposal Manager[0m
                  [36m</span>[39m
                [36m</div>[39m
                [36m<div[39m
                  [33mclass[39m=[32m"flex items-center gap-3"[39m
                [36m>[39m
                  [36m<button[39m
                    [33mclass[39m=[32m"text-sm text-gray-600 hover:text-black"[39m
                  [36m>[39m
                    [0mHome[0m
                  [36m</button>[39m
                  [36m<div[39m
                    [33mclass[39m=[32m"flex items-center gap-2"[39m
                  [36m>[39m
                    [36m<span[39m
                      [33mclass[39m=[32m"text-sm text-gray-600"[39m
                    [36m>[39m
                      [0mTest User[0m
                    [36m</span>[39m
                    [36m<span[39m
                      [33mclass[39m=[32m"text-xs text-gray-500"[39m
                    [36m>[39m
                      [0m([0m
                      [0mDeveloper[0m
                      [0m)[0m
                    [36m</span>[39m
                  [36m</div>[39m
                  [36m<button[39m
                    [33mclass[39m=[32m"text-sm text-gray-600 hover:text-black"[39m
                  [36m>[39m
                    [0mLogout[0m
                  [36m</button>[39m
                  [36m<img[39m
                    [33malt[39m=[32m"User"[39m
                    [33mclass[39m=[32m"rounded-full"[39m
                    [33mheight[39m=[32m"32"[39m
                    [33msrc[39m=[32m"/vercel.svg"[39m
                    [33mwidth[39m=[32m"32"[39m
                  [36m/>[39m
                [36m</div>[39m
              [36m</div>[39m
            [36m</div>[39m
          [36m</header>[39m
          [36m<div[39m
            [33maria-hidden[39m=[32m"true"[39m
            [33mclass[39m=[32m"h-14"[39m
          [36m/>[39m
          [36m<main[39m
            [33mclass[39m=[32m"max-w-screen-2xl mx-auto px-3 sm:px-4 lg:px-6 py-6 space-y-8"[39m
          [36m>[39m
            [36m<form[39m
              [33mclass[39m=[32m"p-6 bg-gradient-to-r from-blue-600 to-cyan-500 rounded-lg text-white shadow-lg"[39m
            [36m>[39m
              [36m<h2[39m
                [33mclass[39m=[32m"text-2xl font-bold"[39m
              [36m>[39m
                [0mAdd new client[0m
              [36m</h2>[39m
              [36m<p[39m
                [33mclass[39m=[32m"opacity-80"[39m
              [36m>[39m
                [0mDon't worry, we don't spam 🥳[0m
              [36m</p>[39m
              [36m<div[39m
                [33mclass[39m=[32m"mt-4 grid grid-cols-1 md:grid-cols-2 lg:grid-cols-6 gap-4 items-end"[39m
              [36m>[39m
                [36m<div[39m
                  [33mclass[39m=[32m"col-span-1 lg:col-span-1 relative"[39m
                [36m>[39m
                  [36m<label[39m
                    [33mclass[39m=[32m"block text-sm font-medium"[39m
                  [36m>[39m
                    [0mCompany[0m
                  [36m</label>[39m
                  [36m<input[39m
                    [33mclass[39m=[32m"mt-1 w-full text-gray-900 text-sm rounded-lg p-2.5 bg-white shadow-sm"[39m
                    [33mplaceholder[39m=[32m"Company name"[39m
                    [33mvalue[39m=[32m""[39m
                  [36m/>[39m
                [36m</div>[39m
                [36m<div>[39m
                  [36m<label[39m
                    [33mclass[39m=[32m"block text-sm font-medium"[39m
                  [36m>[39m
                    [0mLocation[0m
                  [36m</label>[39m
                  [36m<input[39m
                    [33mclass[39m=[32m"mt-1 w-full text-gray-900 text-sm rounded-lg p-2.5 bg-white shadow-sm"[39m
                    [33mplaceholder[39m=[32m"Location"[39m
                    [33mvalue[39m=[32m""[39m
                  [36m/>[39m
                [36m</div>[39m
                [36m<div>[39m
                  [36m<label[39m
                    [33mclass[39m=[32m"block text-sm font-medium"[39m
                  [36m>[39m
                    [0mBadan Usaha[0m
                  [36m</label>[39m
                  [36m<select[39m
                    [33mclass[39m=[32m"mt-1 w-full text-gray-900 text-sm rounded-lg p-2.5 bg-white shadow-sm"[39m
                  [36m>[39m
                    [36m<option>[39m
                      [0mSwasta[0m
                    [36m</option>[39m
                    [36m<option>[39m
                      [0mPemerintah[0m
                    [36m</option>[39m
                    [36m<option>[39m
                      [0mPersonal[0m
                    [36m</option>[39m
                  [36m</select>[39m
                [36m</div>[39m
                [36m<div>[39m
                  [36m<label[39m
                    [33mclass[39m=[32m"block text-sm font-medium"[39m
                  [36m>[39m
                    [0mPIC Name[0m
                  [36m</label>[39m
                  [36m<input[39m
                    [33mclass[39m=[32m"mt-1 w-full text-gray-900 text-sm rounded-lg p-2.5 bg-white shadow-sm"[39m
                    [33mplaceholder[39m=[32m"Full name"[39m
                    [33mvalue[39m=[32m""[39m
                  [36m/>[39m
                [36m</div>[39m
                [36m<div>[39m
                  [36m<label[39m
                    [33mclass[39m=[32m"block text-sm font-medium"[39m
                  [36m>[39m
                    [0mPosition[0m
                  [36m</label>[39m
                  [36m<input[39m
                    [33mclass[39m=[32m"mt-1 w-full text-gray-900 text-sm rounded-lg p-2.5 bg-white shadow-sm"[39m
                    [33mplaceholder[39m=[32m"Position"[39m
                    [33mvalue[39m=[32m""[39m
                  [36m/>[39m
                [36m</div>[39m
                [36m<div>[39m
                  [36m<button[39m
                    [33mclass[39m=[32m"w-full py-2.5 rounded-lg text-black bg-yellow-400 hover:bg-yellow-500"[39m
                  [36m>[39m
                    [0mSave[0m
                  [36m</button>[39m
                [36m</div>[39m
              [36m</div>[39m
            [36m</fo...

      251 |     render(<Home />);
      252 |
    > 253 |     await waitFor(() => {
          |                  ^
      254 |       expect(screen.getByText('Test Company 1')).toBeInTheDocument();
      255 |       expect(screen.getByText('Test Company 2')).toBeInTheDocument();
      256 |     });

      at waitForWrapper (node_modules/@testing-library/dom/dist/wait-for.js:163:27)
      at Object.<anonymous> (src/__tests__/app/page.test.tsx:253:18)

  ● Home Page › should handle edit client

    Unable to find an element with the text: Test Company 1. This could be because the text is broken up by multiple elements. In this case, you can provide a function for your text matcher to make your matcher more flexible.

    Ignored nodes: comments, script, style
    [36m<body>[39m
      [36m<div>[39m
        [36m<div[39m
          [33mclass[39m=[32m"bg-white min-h-screen"[39m
        [36m>[39m
          [36m<header[39m
            [33mclass[39m=[32m"fixed top-0 inset-x-0 z-40 bg-white/95 backdrop-blur supports-[backdrop-filter]:bg-white/80 shadow-sm"[39m
          [36m>[39m
            [36m<div[39m
              [33mclass[39m=[32m"max-w-screen-2xl mx-auto px-3 sm:px-4 lg:px-6"[39m
            [36m>[39m
              [36m<div[39m
                [33mclass[39m=[32m"flex justify-between items-center py-3"[39m
              [36m>[39m
                [36m<div[39m
                  [33mclass[39m=[32m"flex items-center gap-3"[39m
                [36m>[39m
                  [36m<img[39m
                    [33malt[39m=[32m"Logo"[39m
                    [33mclass[39m=[32m"rounded"[39m
                    [33mheight[39m=[32m"32"[39m
                    [33msrc[39m=[32m"/ic_logo_crocodic_square.png"[39m
                    [33mwidth[39m=[32m"32"[39m
                  [36m/>[39m
                  [36m<span[39m
                    [33mclass[39m=[32m"font-semibold"[39m
                  [36m>[39m
                    [0mProposal Manager[0m
                  [36m</span>[39m
                [36m</div>[39m
                [36m<div[39m
                  [33mclass[39m=[32m"flex items-center gap-3"[39m
                [36m>[39m
                  [36m<button[39m
                    [33mclass[39m=[32m"text-sm text-gray-600 hover:text-black"[39m
                  [36m>[39m
                    [0mHome[0m
                  [36m</button>[39m
                  [36m<div[39m
                    [33mclass[39m=[32m"flex items-center gap-2"[39m
                  [36m>[39m
                    [36m<span[39m
                      [33mclass[39m=[32m"text-sm text-gray-600"[39m
                    [36m>[39m
                      [0mTest User[0m
                    [36m</span>[39m
                    [36m<span[39m
                      [33mclass[39m=[32m"text-xs text-gray-500"[39m
                    [36m>[39m
                      [0m([0m
                      [0mDeveloper[0m
                      [0m)[0m
                    [36m</span>[39m
                  [36m</div>[39m
                  [36m<button[39m
                    [33mclass[39m=[32m"text-sm text-gray-600 hover:text-black"[39m
                  [36m>[39m
                    [0mLogout[0m
                  [36m</button>[39m
                  [36m<img[39m
                    [33malt[39m=[32m"User"[39m
                    [33mclass[39m=[32m"rounded-full"[39m
                    [33mheight[39m=[32m"32"[39m
                    [33msrc[39m=[32m"/vercel.svg"[39m
                    [33mwidth[39m=[32m"32"[39m
                  [36m/>[39m
                [36m</div>[39m
              [36m</div>[39m
            [36m</div>[39m
          [36m</header>[39m
          [36m<div[39m
            [33maria-hidden[39m=[32m"true"[39m
            [33mclass[39m=[32m"h-14"[39m
          [36m/>[39m
          [36m<main[39m
            [33mclass[39m=[32m"max-w-screen-2xl mx-auto px-3 sm:px-4 lg:px-6 py-6 space-y-8"[39m
          [36m>[39m
            [36m<form[39m
              [33mclass[39m=[32m"p-6 bg-gradient-to-r from-blue-600 to-cyan-500 rounded-lg text-white shadow-lg"[39m
            [36m>[39m
              [36m<h2[39m
                [33mclass[39m=[32m"text-2xl font-bold"[39m
              [36m>[39m
                [0mAdd new client[0m
              [36m</h2>[39m
              [36m<p[39m
                [33mclass[39m=[32m"opacity-80"[39m
              [36m>[39m
                [0mDon't worry, we don't spam 🥳[0m
              [36m</p>[39m
              [36m<div[39m
                [33mclass[39m=[32m"mt-4 grid grid-cols-1 md:grid-cols-2 lg:grid-cols-6 gap-4 items-end"[39m
              [36m>[39m
                [36m<div[39m
                  [33mclass[39m=[32m"col-span-1 lg:col-span-1 relative"[39m
                [36m>[39m
                  [36m<label[39m
                    [33mclass[39m=[32m"block text-sm font-medium"[39m
                  [36m>[39m
                    [0mCompany[0m
                  [36m</label>[39m
                  [36m<input[39m
                    [33mclass[39m=[32m"mt-1 w-full text-gray-900 text-sm rounded-lg p-2.5 bg-white shadow-sm"[39m
                    [33mplaceholder[39m=[32m"Company name"[39m
                    [33mvalue[39m=[32m""[39m
                  [36m/>[39m
                [36m</div>[39m
                [36m<div>[39m
                  [36m<label[39m
                    [33mclass[39m=[32m"block text-sm font-medium"[39m
                  [36m>[39m
                    [0mLocation[0m
                  [36m</label>[39m
                  [36m<input[39m
                    [33mclass[39m=[32m"mt-1 w-full text-gray-900 text-sm rounded-lg p-2.5 bg-white shadow-sm"[39m
                    [33mplaceholder[39m=[32m"Location"[39m
                    [33mvalue[39m=[32m""[39m
                  [36m/>[39m
                [36m</div>[39m
                [36m<div>[39m
                  [36m<label[39m
                    [33mclass[39m=[32m"block text-sm font-medium"[39m
                  [36m>[39m
                    [0mBadan Usaha[0m
                  [36m</label>[39m
                  [36m<select[39m
                    [33mclass[39m=[32m"mt-1 w-full text-gray-900 text-sm rounded-lg p-2.5 bg-white shadow-sm"[39m
                  [36m>[39m
                    [36m<option>[39m
                      [0mSwasta[0m
                    [36m</option>[39m
                    [36m<option>[39m
                      [0mPemerintah[0m
                    [36m</option>[39m
                    [36m<option>[39m
                      [0mPersonal[0m
                    [36m</option>[39m
                  [36m</select>[39m
                [36m</div>[39m
                [36m<div>[39m
                  [36m<label[39m
                    [33mclass[39m=[32m"block text-sm font-medium"[39m
                  [36m>[39m
                    [0mPIC Name[0m
                  [36m</label>[39m
                  [36m<input[39m
                    [33mclass[39m=[32m"mt-1 w-full text-gray-900 text-sm rounded-lg p-2.5 bg-white shadow-sm"[39m
                    [33mplaceholder[39m=[32m"Full name"[39m
                    [33mvalue[39m=[32m""[39m
                  [36m/>[39m
                [36m</div>[39m
                [36m<div>[39m
                  [36m<label[39m
                    [33mclass[39m=[32m"block text-sm font-medium"[39m
                  [36m>[39m
                    [0mPosition[0m
                  [36m</label>[39m
                  [36m<input[39m
                    [33mclass[39m=[32m"mt-1 w-full text-gray-900 text-sm rounded-lg p-2.5 bg-white shadow-sm"[39m
                    [33mplaceholder[39m=[32m"Position"[39m
                    [33mvalue[39m=[32m""[39m
                  [36m/>[39m
                [36m</div>[39m
                [36m<div>[39m
                  [36m<button[39m
                    [33mclass[39m=[32m"w-full py-2.5 rounded-lg text-black bg-yellow-400 hover:bg-yellow-500"[39m
                  [36m>[39m
                    [0mSave[0m
                  [36m</button>[39m
                [36m</div>[39m
              [36m</div>[39m
            [36m</fo...

      285 |     render(<Home />);
      286 |
    > 287 |     await waitFor(() => {
          |                  ^
      288 |       expect(screen.getByText('Test Company 1')).toBeInTheDocument();
      289 |     });
      290 |

      at waitForWrapper (node_modules/@testing-library/dom/dist/wait-for.js:163:27)
      at Object.<anonymous> (src/__tests__/app/page.test.tsx:287:18)

  ● Home Page › should navigate to projects page when clicking project

    Unable to find an element with the text: Test Project 1. This could be because the text is broken up by multiple elements. In this case, you can provide a function for your text matcher to make your matcher more flexible.

    Ignored nodes: comments, script, style
    [36m<body>[39m
      [36m<div>[39m
        [36m<div[39m
          [33mclass[39m=[32m"bg-white min-h-screen"[39m
        [36m>[39m
          [36m<header[39m
            [33mclass[39m=[32m"fixed top-0 inset-x-0 z-40 bg-white/95 backdrop-blur supports-[backdrop-filter]:bg-white/80 shadow-sm"[39m
          [36m>[39m
            [36m<div[39m
              [33mclass[39m=[32m"max-w-screen-2xl mx-auto px-3 sm:px-4 lg:px-6"[39m
            [36m>[39m
              [36m<div[39m
                [33mclass[39m=[32m"flex justify-between items-center py-3"[39m
              [36m>[39m
                [36m<div[39m
                  [33mclass[39m=[32m"flex items-center gap-3"[39m
                [36m>[39m
                  [36m<img[39m
                    [33malt[39m=[32m"Logo"[39m
                    [33mclass[39m=[32m"rounded"[39m
                    [33mheight[39m=[32m"32"[39m
                    [33msrc[39m=[32m"/ic_logo_crocodic_square.png"[39m
                    [33mwidth[39m=[32m"32"[39m
                  [36m/>[39m
                  [36m<span[39m
                    [33mclass[39m=[32m"font-semibold"[39m
                  [36m>[39m
                    [0mProposal Manager[0m
                  [36m</span>[39m
                [36m</div>[39m
                [36m<div[39m
                  [33mclass[39m=[32m"flex items-center gap-3"[39m
                [36m>[39m
                  [36m<button[39m
                    [33mclass[39m=[32m"text-sm text-gray-600 hover:text-black"[39m
                  [36m>[39m
                    [0mHome[0m
                  [36m</button>[39m
                  [36m<div[39m
                    [33mclass[39m=[32m"flex items-center gap-2"[39m
                  [36m>[39m
                    [36m<span[39m
                      [33mclass[39m=[32m"text-sm text-gray-600"[39m
                    [36m>[39m
                      [0mTest User[0m
                    [36m</span>[39m
                    [36m<span[39m
                      [33mclass[39m=[32m"text-xs text-gray-500"[39m
                    [36m>[39m
                      [0m([0m
                      [0mDeveloper[0m
                      [0m)[0m
                    [36m</span>[39m
                  [36m</div>[39m
                  [36m<button[39m
                    [33mclass[39m=[32m"text-sm text-gray-600 hover:text-black"[39m
                  [36m>[39m
                    [0mLogout[0m
                  [36m</button>[39m
                  [36m<img[39m
                    [33malt[39m=[32m"User"[39m
                    [33mclass[39m=[32m"rounded-full"[39m
                    [33mheight[39m=[32m"32"[39m
                    [33msrc[39m=[32m"/vercel.svg"[39m
                    [33mwidth[39m=[32m"32"[39m
                  [36m/>[39m
                [36m</div>[39m
              [36m</div>[39m
            [36m</div>[39m
          [36m</header>[39m
          [36m<div[39m
            [33maria-hidden[39m=[32m"true"[39m
            [33mclass[39m=[32m"h-14"[39m
          [36m/>[39m
          [36m<main[39m
            [33mclass[39m=[32m"max-w-screen-2xl mx-auto px-3 sm:px-4 lg:px-6 py-6 space-y-8"[39m
          [36m>[39m
            [36m<form[39m
              [33mclass[39m=[32m"p-6 bg-gradient-to-r from-blue-600 to-cyan-500 rounded-lg text-white shadow-lg"[39m
            [36m>[39m
              [36m<h2[39m
                [33mclass[39m=[32m"text-2xl font-bold"[39m
              [36m>[39m
                [0mAdd new client[0m
              [36m</h2>[39m
              [36m<p[39m
                [33mclass[39m=[32m"opacity-80"[39m
              [36m>[39m
                [0mDon't worry, we don't spam 🥳[0m
              [36m</p>[39m
              [36m<div[39m
                [33mclass[39m=[32m"mt-4 grid grid-cols-1 md:grid-cols-2 lg:grid-cols-6 gap-4 items-end"[39m
              [36m>[39m
                [36m<div[39m
                  [33mclass[39m=[32m"col-span-1 lg:col-span-1 relative"[39m
                [36m>[39m
                  [36m<label[39m
                    [33mclass[39m=[32m"block text-sm font-medium"[39m
                  [36m>[39m
                    [0mCompany[0m
                  [36m</label>[39m
                  [36m<input[39m
                    [33mclass[39m=[32m"mt-1 w-full text-gray-900 text-sm rounded-lg p-2.5 bg-white shadow-sm"[39m
                    [33mplaceholder[39m=[32m"Company name"[39m
                    [33mvalue[39m=[32m""[39m
                  [36m/>[39m
                [36m</div>[39m
                [36m<div>[39m
                  [36m<label[39m
                    [33mclass[39m=[32m"block text-sm font-medium"[39m
                  [36m>[39m
                    [0mLocation[0m
                  [36m</label>[39m
                  [36m<input[39m
                    [33mclass[39m=[32m"mt-1 w-full text-gray-900 text-sm rounded-lg p-2.5 bg-white shadow-sm"[39m
                    [33mplaceholder[39m=[32m"Location"[39m
                    [33mvalue[39m=[32m""[39m
                  [36m/>[39m
                [36m</div>[39m
                [36m<div>[39m
                  [36m<label[39m
                    [33mclass[39m=[32m"block text-sm font-medium"[39m
                  [36m>[39m
                    [0mBadan Usaha[0m
                  [36m</label>[39m
                  [36m<select[39m
                    [33mclass[39m=[32m"mt-1 w-full text-gray-900 text-sm rounded-lg p-2.5 bg-white shadow-sm"[39m
                  [36m>[39m
                    [36m<option>[39m
                      [0mSwasta[0m
                    [36m</option>[39m
                    [36m<option>[39m
                      [0mPemerintah[0m
                    [36m</option>[39m
                    [36m<option>[39m
                      [0mPersonal[0m
                    [36m</option>[39m
                  [36m</select>[39m
                [36m</div>[39m
                [36m<div>[39m
                  [36m<label[39m
                    [33mclass[39m=[32m"block text-sm font-medium"[39m
                  [36m>[39m
                    [0mPIC Name[0m
                  [36m</label>[39m
                  [36m<input[39m
                    [33mclass[39m=[32m"mt-1 w-full text-gray-900 text-sm rounded-lg p-2.5 bg-white shadow-sm"[39m
                    [33mplaceholder[39m=[32m"Full name"[39m
                    [33mvalue[39m=[32m""[39m
                  [36m/>[39m
                [36m</div>[39m
                [36m<div>[39m
                  [36m<label[39m
                    [33mclass[39m=[32m"block text-sm font-medium"[39m
                  [36m>[39m
                    [0mPosition[0m
                  [36m</label>[39m
                  [36m<input[39m
                    [33mclass[39m=[32m"mt-1 w-full text-gray-900 text-sm rounded-lg p-2.5 bg-white shadow-sm"[39m
                    [33mplaceholder[39m=[32m"Position"[39m
                    [33mvalue[39m=[32m""[39m
                  [36m/>[39m
                [36m</div>[39m
                [36m<div>[39m
                  [36m<button[39m
                    [33mclass[39m=[32m"w-full py-2.5 rounded-lg text-black bg-yellow-400 hover:bg-yellow-500"[39m
                  [36m>[39m
                    [0mSave[0m
                  [36m</button>[39m
                [36m</div>[39m
              [36m</div>[39m
            [36m</fo...

      322 |     render(<Home />);
      323 |
    > 324 |     await waitFor(() => {
          |                  ^
      325 |       expect(screen.getByText('Test Project 1')).toBeInTheDocument();
      326 |     });
      327 |

      at waitForWrapper (node_modules/@testing-library/dom/dist/wait-for.js:163:27)
      at Object.<anonymous> (src/__tests__/app/page.test.tsx:324:18)

  ● Home Page › should show empty state when no clients

    Unable to find an element with the text: No clients found. This could be because the text is broken up by multiple elements. In this case, you can provide a function for your text matcher to make your matcher more flexible.

    Ignored nodes: comments, script, style
    [36m<body>[39m
      [36m<div>[39m
        [36m<div[39m
          [33mclass[39m=[32m"bg-white min-h-screen"[39m
        [36m>[39m
          [36m<header[39m
            [33mclass[39m=[32m"fixed top-0 inset-x-0 z-40 bg-white/95 backdrop-blur supports-[backdrop-filter]:bg-white/80 shadow-sm"[39m
          [36m>[39m
            [36m<div[39m
              [33mclass[39m=[32m"max-w-screen-2xl mx-auto px-3 sm:px-4 lg:px-6"[39m
            [36m>[39m
              [36m<div[39m
                [33mclass[39m=[32m"flex justify-between items-center py-3"[39m
              [36m>[39m
                [36m<div[39m
                  [33mclass[39m=[32m"flex items-center gap-3"[39m
                [36m>[39m
                  [36m<img[39m
                    [33malt[39m=[32m"Logo"[39m
                    [33mclass[39m=[32m"rounded"[39m
                    [33mheight[39m=[32m"32"[39m
                    [33msrc[39m=[32m"/ic_logo_crocodic_square.png"[39m
                    [33mwidth[39m=[32m"32"[39m
                  [36m/>[39m
                  [36m<span[39m
                    [33mclass[39m=[32m"font-semibold"[39m
                  [36m>[39m
                    [0mProposal Manager[0m
                  [36m</span>[39m
                [36m</div>[39m
                [36m<div[39m
                  [33mclass[39m=[32m"flex items-center gap-3"[39m
                [36m>[39m
                  [36m<button[39m
                    [33mclass[39m=[32m"text-sm text-gray-600 hover:text-black"[39m
                  [36m>[39m
                    [0mHome[0m
                  [36m</button>[39m
                  [36m<div[39m
                    [33mclass[39m=[32m"flex items-center gap-2"[39m
                  [36m>[39m
                    [36m<span[39m
                      [33mclass[39m=[32m"text-sm text-gray-600"[39m
                    [36m>[39m
                      [0mTest User[0m
                    [36m</span>[39m
                    [36m<span[39m
                      [33mclass[39m=[32m"text-xs text-gray-500"[39m
                    [36m>[39m
                      [0m([0m
                      [0mDeveloper[0m
                      [0m)[0m
                    [36m</span>[39m
                  [36m</div>[39m
                  [36m<button[39m
                    [33mclass[39m=[32m"text-sm text-gray-600 hover:text-black"[39m
                  [36m>[39m
                    [0mLogout[0m
                  [36m</button>[39m
                  [36m<img[39m
                    [33malt[39m=[32m"User"[39m
                    [33mclass[39m=[32m"rounded-full"[39m
                    [33mheight[39m=[32m"32"[39m
                    [33msrc[39m=[32m"/vercel.svg"[39m
                    [33mwidth[39m=[32m"32"[39m
                  [36m/>[39m
                [36m</div>[39m
              [36m</div>[39m
            [36m</div>[39m
          [36m</header>[39m
          [36m<div[39m
            [33maria-hidden[39m=[32m"true"[39m
            [33mclass[39m=[32m"h-14"[39m
          [36m/>[39m
          [36m<main[39m
            [33mclass[39m=[32m"max-w-screen-2xl mx-auto px-3 sm:px-4 lg:px-6 py-6 space-y-8"[39m
          [36m>[39m
            [36m<form[39m
              [33mclass[39m=[32m"p-6 bg-gradient-to-r from-blue-600 to-cyan-500 rounded-lg text-white shadow-lg"[39m
            [36m>[39m
              [36m<h2[39m
                [33mclass[39m=[32m"text-2xl font-bold"[39m
              [36m>[39m
                [0mAdd new client[0m
              [36m</h2>[39m
              [36m<p[39m
                [33mclass[39m=[32m"opacity-80"[39m
              [36m>[39m
                [0mDon't worry, we don't spam 🥳[0m
              [36m</p>[39m
              [36m<div[39m
                [33mclass[39m=[32m"mt-4 grid grid-cols-1 md:grid-cols-2 lg:grid-cols-6 gap-4 items-end"[39m
              [36m>[39m
                [36m<div[39m
                  [33mclass[39m=[32m"col-span-1 lg:col-span-1 relative"[39m
                [36m>[39m
                  [36m<label[39m
                    [33mclass[39m=[32m"block text-sm font-medium"[39m
                  [36m>[39m
                    [0mCompany[0m
                  [36m</label>[39m
                  [36m<input[39m
                    [33mclass[39m=[32m"mt-1 w-full text-gray-900 text-sm rounded-lg p-2.5 bg-white shadow-sm"[39m
                    [33mplaceholder[39m=[32m"Company name"[39m
                    [33mvalue[39m=[32m""[39m
                  [36m/>[39m
                [36m</div>[39m
                [36m<div>[39m
                  [36m<label[39m
                    [33mclass[39m=[32m"block text-sm font-medium"[39m
                  [36m>[39m
                    [0mLocation[0m
                  [36m</label>[39m
                  [36m<input[39m
                    [33mclass[39m=[32m"mt-1 w-full text-gray-900 text-sm rounded-lg p-2.5 bg-white shadow-sm"[39m
                    [33mplaceholder[39m=[32m"Location"[39m
                    [33mvalue[39m=[32m""[39m
                  [36m/>[39m
                [36m</div>[39m
                [36m<div>[39m
                  [36m<label[39m
                    [33mclass[39m=[32m"block text-sm font-medium"[39m
                  [36m>[39m
                    [0mBadan Usaha[0m
                  [36m</label>[39m
                  [36m<select[39m
                    [33mclass[39m=[32m"mt-1 w-full text-gray-900 text-sm rounded-lg p-2.5 bg-white shadow-sm"[39m
                  [36m>[39m
                    [36m<option>[39m
                      [0mSwasta[0m
                    [36m</option>[39m
                    [36m<option>[39m
                      [0mPemerintah[0m
                    [36m</option>[39m
                    [36m<option>[39m
                      [0mPersonal[0m
                    [36m</option>[39m
                  [36m</select>[39m
                [36m</div>[39m
                [36m<div>[39m
                  [36m<label[39m
                    [33mclass[39m=[32m"block text-sm font-medium"[39m
                  [36m>[39m
                    [0mPIC Name[0m
                  [36m</label>[39m
                  [36m<input[39m
                    [33mclass[39m=[32m"mt-1 w-full text-gray-900 text-sm rounded-lg p-2.5 bg-white shadow-sm"[39m
                    [33mplaceholder[39m=[32m"Full name"[39m
                    [33mvalue[39m=[32m""[39m
                  [36m/>[39m
                [36m</div>[39m
                [36m<div>[39m
                  [36m<label[39m
                    [33mclass[39m=[32m"block text-sm font-medium"[39m
                  [36m>[39m
                    [0mPosition[0m
                  [36m</label>[39m
                  [36m<input[39m
                    [33mclass[39m=[32m"mt-1 w-full text-gray-900 text-sm rounded-lg p-2.5 bg-white shadow-sm"[39m
                    [33mplaceholder[39m=[32m"Position"[39m
                    [33mvalue[39m=[32m""[39m
                  [36m/>[39m
                [36m</div>[39m
                [36m<div>[39m
                  [36m<button[39m
                    [33mclass[39m=[32m"w-full py-2.5 rounded-lg text-black bg-yellow-400 hover:bg-yellow-500"[39m
                  [36m>[39m
                    [0mSave[0m
                  [36m</button>[39m
                [36m</div>[39m
              [36m</div>[39m
            [36m</form>[39m
            [36m<div>[39m
              [36m<div[39m
                [33mclass[39m=[32m"flex justify-between items-center mb-4"[39m
              [36m>[39m
                [36m<div>[39m
                  [36m<h2[39m
                    [33mclass[39m=[32m"text-2xl font-bold"[39m
                  [36m>[39m
                    [0mProject[0m
                  [36m</h2>[39m
                  [36m<p[39m
                    [33mclass[39m=[32m"text-gray-500"[39m
                  [36m>[39m
                    [0mAll-inclusive vacations and flights to the Caribbean[0m
                  [36m</p>[39m
                [36m</div>[39m
                [36m<div[39m
                  [33mclass[39m=[32m"flex items-center gap-2"[39m
                [36m>[39m
                  [36m<button[39m
                    [33mclass[39m=[32m"inline-flex items-center gap-2 bg-blue-600 text-white font-medium py-2 px-3 rounded-lg hover:bg-blue-700"[39m
                  [36m>[39m
                    [36m<svg[39m
                      [33mclass[39m=[32m"w-4 h-4"[39m
                      [33mfill[39m=[32m"none"[39m
                      [33mstroke[39m=[32m"currentColor"[39m
                      [33mviewBox[39m=[32m"0 0 24 24"[39m
                      [33mxmlns[39m=[32m"http://www.w3.org/2000/svg"[39m
                    [36m>[39m
                      [36m<path[39m
                        [33md[39m=[32m"M12 4v16m8-8H4"[39m
                        [33mstroke-linecap[39m=[32m"round"[39m
                        [33mstroke-linejoin[39m=[32m"round"[39m
                        [33mstroke-width[39m=[32m"2"[39m
                      [36m/>[39m
                    [36m</svg>[39m
                    [0mAdd Project[0m
                  [36m</button>[39m
                  [36m<button[39m
                    [33mclass[39m=[32m"inline-flex items-center gap-2 border border-gray-300 text-gray-700 py-2 px-3 rounded-lg hover:bg-gray-50"[39m
                  [36m>[39m
                    [36m<svg[39m
                      [33mclass[39m=[32m"w-4 h-4"[39m
                      [33mfill[39m=[32m"none"[39m
                      [33mstroke[39m=[32m"currentColor"[39m
                      [33mviewBox[39m=[32m"0 0 24 24"[39m
                      [33mxmlns[39m=[32m"http://www.w3.org/2000/svg"[39m
                    [36m>[39m
                      [36m<path[39m
                        [33md[39m=[32m"M3 4h18M7 10h10M10 16h4"[39m
                        [33mstroke-linecap[39m=[32m"round"[39m
                        [33mstroke-linejoin[39m=[32m"round"[39m
                        [33mstroke-width[39m=[32m"2"[39m
                      [36m/>[39m
                    [36m</svg>[39m
                    [0mFilter[0m
                  [36m</button>[39m
                [36m</div>[39m
              [36m</div>[39m
              [36m<div[39m
                [33mclass[39m=[32m"relative mb-4"[39m
              [36m>[39m
                [36m<input[39m
                  [33mclass[39m=[32m"w-full pl-10 pr-4 py-2 border border-gray-300 rounded-lg bg-white placeholder-gray-400"[39m
                  [33mplaceholder[39m=[32m"Search client name, project name, company..."[39m
                  [33mtype[39m=[32m"text"[39m
                  [33mvalue[39m=[32m""[39m
                [36m/>[39m
                [36m<div[39m
                  [33mclass[39m=[32m"absolute inset-y-0 left-0 pl-3 flex items-center pointer-events-none"[39m
                [36m>[39m
                  [36m<svg[39m
                    [33mclass[39m=[32m"h-5 w-5 text-gray-400"[39m
                    [33mfill[39m=[32m"none"[39m
                    [33mstroke[39m=[32m"currentColor"[39m
                    [33mviewBox[39m=[32m"0 0 24 24"[39m
                    [33mxmlns[39m=[32m"http://www.w3.org/2000/svg"[39m
                  [36m>[39m
                    [36m<path[39m
                      [33md[39m=[32m"M21 21l-6-6m2-5a7 7 0 11-14 0 7 7 0 0114 0z"[39m
                      [33mstroke-linecap[39m=[32m"round"[39m
                      [33mstroke-linejoin[39m=[32m"round"[39m
                      [33mstroke-width[39m=[32m"2"[39m
                    [36m/>[39m
                  [36m</svg>[39m
                [36m</div>[39m
              [36m</div>[39m
              [36m<div[39m
                [33mclass[39m=[32m"grid grid-cols-1 sm:grid-cols-2 md:grid-cols-3 lg:grid-cols-4 gap-6"[39m
              [36m/>[39m
              [36m<div[39m
                [33mclass[39m=[32m"flex justify-center mt-6 space-x-2"[39m
              [36m>[39m
                [36m<div[39m
                  [33mclass[39m=[32m"w-3 h-3 bg-blue-600 rounded-full"[39m
                [36m/>[39m
                [36m<div[39m
                  [33mclass[39m=[32m"w-3 h-3 bg-gray-300 rounded-full"[39m
                [36m/>[39m
                [36m<div[39m
                  [33mclass[39m=[32m"w-3 h-3 bg-gray-300 rounded-full"[39m
                [36m/>[39m
                [36m<div[39m
                  [33mclass[39m=[32m"w-3 h-3 bg-gray-300 rounded-full"[39m
                [36m/>[39m
              [36m</div>[39m
            [36m</div>[39m
            [36m<div>[39m
              [36m<div[39m
                [33mclass[39m=[32m"flex justify-between items-center mb-4"[39m
              [36m>[39m
                [36m<div>[39m
                  [36m<h2[39m
                    [33mclass[39m=[32m"text-2xl font-bold"[39m
                  [36m>[39m
                    [0mRecent Clients[0m
                  [36m</h2>[39m
                  [36m<p[39m
                    [33mclass[39m=[32m"text-gray-500"[39m
                  [36m>[39m
                    [0mAll-inclusive vacations and flights to the Caribbean[0m
                  [36m</p>[39m
                [36m</div>[39m
              [36m</div>[39m
              [36m<div[39m
                [33mclass[39m=[32m"mb-4 flex items-center gap-2"[39m
              [36m>[39m
                [36m<div[39m
                  [33mclass[39m=[32m"relative flex-1"[39m
                [36m>[39m
                  [36m<input[39m
                    [33mclass[39m=[32m"w-full pl-10 pr-4 py-2 border border-gray-300 rounded-lg bg-white placeholder-gray-400"[39m
                    [33mplaceholder[39m=[32m"Search client name, project name, company..."[39m
                    [33mtype[39m=[32m"text"[39m
                    [33mvalue[39m=[32m""[39m
                  [36m/>[39m
                  [36m<div[39m
                    [33mclass[39m=[32m"absolute inset-y-0 left-0 pl-3 flex items-center pointer-events-none"[39m
                  [36m>[39m
                    [36m<svg[39m
                      [33mclass[39m=[32m"h-5 w-5 text-gray-400"[39m
                      [33mfill[39m=[32m"none"[39m
                      [33mstroke[39m=[32m"currentColor"[39m
                      [33mviewBox[39m=[32m"0 0 24 24"[39m
                      [33mxmlns[39m=[32m"http://www.w3.org/2000/svg"[39m
                    [36m>[39m
                      [36m<path[39m
                        [33md[39m=[32m"M21 21l-6-6m2-5a7 7 0 11-14 0 7 7 0 0114 0z"[39m
                        [33mstroke-linecap[39m=[32m"round"[39m
                        [33mstroke-linejoin[39m=[32m"round"[39m
                        [33mstroke-width[39m=[32m"2"[39m
                      [36m/>[39m
                    [36m</svg>[39m
                  [36m</div>[39m
                [36m</div>[39m
                [36m<button[39m
                  [33mclass[39m=[32m"inline-flex items-center gap-2 border border-gray-300 text-gray-700 py-2 px-3 rounded-lg hover:bg-gray-50"[39m
                [36m>[39m
                  [36m<svg[39m
                    [33mclass[39m=[32m"w-4 h-4"[39m
                    [33mfill[39m=[32m"none"[39m
                    [33mstroke[39m=[32m"currentColor"[39m
                    [33mviewBox[39m=[32m"0 0 24 24"[39m
                    [33mxmlns[39m=[32m"http://www.w3.org/2000/svg"[39m
                  [36m>[39m
                    [36m<path[39m
                      [33md[39m=[32m"M3 4h18M7 10h10M10 16h4"[39m
                      [33mstroke-linecap[39m=[32m"round"[39m
                      [33mstroke-linejoin[39m=[32m"round"[39m
                      [33mstroke-width[39m=[32m"2"[39m
                    [36m/>[39m
                  [36m</svg>[39m
                  [0mFilter[0m
                [36m</button>[39m
              [36m</div>[39m
              [36m<div[39m
                [33mclass[39m=[32m"bg-white rounded-lg shadow-sm border border-gray-200 overflow-x-auto"[39m
              [36m>[39m
                [36m<table[39m
                  [33mclass[39m=[32m"w-full text-sm text-left"[39m
                [36m>[39m
                  [36m<thead[39m
                    [33mclass[39m=[32m"text-xs text-gray-700 uppercase bg-gray-50"[39m
                  [36m>[39m
                    [36m<tr>[39m
                      [36m<th[39m
                        [33mclass[39m=[32m"px-6 py-3"[39m
                      [36m>[39m
                        [0mDate In[0m
                      [36m</th>[39m
                      [36m<th[39m
                        [33mclass[39m=[32m"px-6 py-3"[39m
                      [36m>[39m
                        [0mPIC Name[0m
                      [36m</th>[39m
                      [36m<th[39m
                        [33mclass[39m=[32m"px-6 py-3"[39m
                      [36m>[39m
                        [0mPosition[0m
                      [36m</th>[39m
                      [36m<th[39m
                        [33mclass[39m=[32m"px-6 py-3"[39m
                      [36m>[39m
                        [0mCompany[0m
                      [36m</th>[39m
                      [36m<th[39m
                        [33mclass[39m=[32m"px-6 py-3"[39m
                      [36m>[39m
                        [0mBadan Usaha[0m
                      [36m</th>[39m
                      [36m<th[39m
                        [33mclass[39m=[32m"px-6 py-3"[39m
                      [36m>[39m
                        [0mLocation[0m
                      [36m</th>[39m
                      [36m<th[39m
                        [33mclass[39m=[32m"px-6 py-3"[39m
                      [36m>[39m
                        [0mCategory[0m
                      [36m</th>[39m
                      [36m<th[39m
                        [33mclass[39m=[32m"px-6 py-3"[39m
                      [36m>[39m
                        [0mAction[0m
                      [36m</th>[39m
                    [36m</tr>[39m
                  [36m</thead>[39m
                  [36m<tbody />[39m
                [36m</table>[39m
              [36m</div>[39m
            [36m</div>[39m
          [36m</main>[39m
        [36m</div>[39m
      [36m</div>[39m
    [36m</body>[39m

      341 |     render(<Home />);
      342 |
    > 343 |     await waitFor(() => {
          |                  ^
      344 |       expect(screen.getByText('No clients found')).toBeInTheDocument();
      345 |     });
      346 |   });

      at waitForWrapper (node_modules/@testing-library/dom/dist/wait-for.js:163:27)
      at Object.<anonymous> (src/__tests__/app/page.test.tsx:343:18)

  ● Home Page › should show empty state when no projects

    Unable to find an element with the text: No projects found. This could be because the text is broken up by multiple elements. In this case, you can provide a function for your text matcher to make your matcher more flexible.

    Ignored nodes: comments, script, style
    [36m<body>[39m
      [36m<div>[39m
        [36m<div[39m
          [33mclass[39m=[32m"bg-white min-h-screen"[39m
        [36m>[39m
          [36m<header[39m
            [33mclass[39m=[32m"fixed top-0 inset-x-0 z-40 bg-white/95 backdrop-blur supports-[backdrop-filter]:bg-white/80 shadow-sm"[39m
          [36m>[39m
            [36m<div[39m
              [33mclass[39m=[32m"max-w-screen-2xl mx-auto px-3 sm:px-4 lg:px-6"[39m
            [36m>[39m
              [36m<div[39m
                [33mclass[39m=[32m"flex justify-between items-center py-3"[39m
              [36m>[39m
                [36m<div[39m
                  [33mclass[39m=[32m"flex items-center gap-3"[39m
                [36m>[39m
                  [36m<img[39m
                    [33malt[39m=[32m"Logo"[39m
                    [33mclass[39m=[32m"rounded"[39m
                    [33mheight[39m=[32m"32"[39m
                    [33msrc[39m=[32m"/ic_logo_crocodic_square.png"[39m
                    [33mwidth[39m=[32m"32"[39m
                  [36m/>[39m
                  [36m<span[39m
                    [33mclass[39m=[32m"font-semibold"[39m
                  [36m>[39m
                    [0mProposal Manager[0m
                  [36m</span>[39m
                [36m</div>[39m
                [36m<div[39m
                  [33mclass[39m=[32m"flex items-center gap-3"[39m
                [36m>[39m
                  [36m<button[39m
                    [33mclass[39m=[32m"text-sm text-gray-600 hover:text-black"[39m
                  [36m>[39m
                    [0mHome[0m
                  [36m</button>[39m
                  [36m<div[39m
                    [33mclass[39m=[32m"flex items-center gap-2"[39m
                  [36m>[39m
                    [36m<span[39m
                      [33mclass[39m=[32m"text-sm text-gray-600"[39m
                    [36m>[39m
                      [0mTest User[0m
                    [36m</span>[39m
                    [36m<span[39m
                      [33mclass[39m=[32m"text-xs text-gray-500"[39m
                    [36m>[39m
                      [0m([0m
                      [0mDeveloper[0m
                      [0m)[0m
                    [36m</span>[39m
                  [36m</div>[39m
                  [36m<button[39m
                    [33mclass[39m=[32m"text-sm text-gray-600 hover:text-black"[39m
                  [36m>[39m
                    [0mLogout[0m
                  [36m</button>[39m
                  [36m<img[39m
                    [33malt[39m=[32m"User"[39m
                    [33mclass[39m=[32m"rounded-full"[39m
                    [33mheight[39m=[32m"32"[39m
                    [33msrc[39m=[32m"/vercel.svg"[39m
                    [33mwidth[39m=[32m"32"[39m
                  [36m/>[39m
                [36m</div>[39m
              [36m</div>[39m
            [36m</div>[39m
          [36m</header>[39m
          [36m<div[39m
            [33maria-hidden[39m=[32m"true"[39m
            [33mclass[39m=[32m"h-14"[39m
          [36m/>[39m
          [36m<main[39m
            [33mclass[39m=[32m"max-w-screen-2xl mx-auto px-3 sm:px-4 lg:px-6 py-6 space-y-8"[39m
          [36m>[39m
            [36m<form[39m
              [33mclass[39m=[32m"p-6 bg-gradient-to-r from-blue-600 to-cyan-500 rounded-lg text-white shadow-lg"[39m
            [36m>[39m
              [36m<h2[39m
                [33mclass[39m=[32m"text-2xl font-bold"[39m
              [36m>[39m
                [0mAdd new client[0m
              [36m</h2>[39m
              [36m<p[39m
                [33mclass[39m=[32m"opacity-80"[39m
              [36m>[39m
                [0mDon't worry, we don't spam 🥳[0m
              [36m</p>[39m
              [36m<div[39m
                [33mclass[39m=[32m"mt-4 grid grid-cols-1 md:grid-cols-2 lg:grid-cols-6 gap-4 items-end"[39m
              [36m>[39m
                [36m<div[39m
                  [33mclass[39m=[32m"col-span-1 lg:col-span-1 relative"[39m
                [36m>[39m
                  [36m<label[39m
                    [33mclass[39m=[32m"block text-sm font-medium"[39m
                  [36m>[39m
                    [0mCompany[0m
                  [36m</label>[39m
                  [36m<input[39m
                    [33mclass[39m=[32m"mt-1 w-full text-gray-900 text-sm rounded-lg p-2.5 bg-white shadow-sm"[39m
                    [33mplaceholder[39m=[32m"Company name"[39m
                    [33mvalue[39m=[32m""[39m
                  [36m/>[39m
                [36m</div>[39m
                [36m<div>[39m
                  [36m<label[39m
                    [33mclass[39m=[32m"block text-sm font-medium"[39m
                  [36m>[39m
                    [0mLocation[0m
                  [36m</label>[39m
                  [36m<input[39m
                    [33mclass[39m=[32m"mt-1 w-full text-gray-900 text-sm rounded-lg p-2.5 bg-white shadow-sm"[39m
                    [33mplaceholder[39m=[32m"Location"[39m
                    [33mvalue[39m=[32m""[39m
                  [36m/>[39m
                [36m</div>[39m
                [36m<div>[39m
                  [36m<label[39m
                    [33mclass[39m=[32m"block text-sm font-medium"[39m
                  [36m>[39m
                    [0mBadan Usaha[0m
                  [36m</label>[39m
                  [36m<select[39m
                    [33mclass[39m=[32m"mt-1 w-full text-gray-900 text-sm rounded-lg p-2.5 bg-white shadow-sm"[39m
                  [36m>[39m
                    [36m<option>[39m
                      [0mSwasta[0m
                    [36m</option>[39m
                    [36m<option>[39m
                      [0mPemerintah[0m
                    [36m</option>[39m
                    [36m<option>[39m
                      [0mPersonal[0m
                    [36m</option>[39m
                  [36m</select>[39m
                [36m</div>[39m
                [36m<div>[39m
                  [36m<label[39m
                    [33mclass[39m=[32m"block text-sm font-medium"[39m
                  [36m>[39m
                    [0mPIC Name[0m
                  [36m</label>[39m
                  [36m<input[39m
                    [33mclass[39m=[32m"mt-1 w-full text-gray-900 text-sm rounded-lg p-2.5 bg-white shadow-sm"[39m
                    [33mplaceholder[39m=[32m"Full name"[39m
                    [33mvalue[39m=[32m""[39m
                  [36m/>[39m
                [36m</div>[39m
                [36m<div>[39m
                  [36m<label[39m
                    [33mclass[39m=[32m"block text-sm font-medium"[39m
                  [36m>[39m
                    [0mPosition[0m
                  [36m</label>[39m
                  [36m<input[39m
                    [33mclass[39m=[32m"mt-1 w-full text-gray-900 text-sm rounded-lg p-2.5 bg-white shadow-sm"[39m
                    [33mplaceholder[39m=[32m"Position"[39m
                    [33mvalue[39m=[32m""[39m
                  [36m/>[39m
                [36m</div>[39m
                [36m<div>[39m
                  [36m<button[39m
                    [33mclass[39m=[32m"w-full py-2.5 rounded-lg text-black bg-yellow-400 hover:bg-yellow-500"[39m
                  [36m>[39m
                    [0mSave[0m
                  [36m</button>[39m
                [36m</div>[39m
              [36m</div>[39m
            [36m</fo...

      355 |     render(<Home />);
      356 |
    > 357 |     await waitFor(() => {
          |                  ^
      358 |       expect(screen.getByText('No projects found')).toBeInTheDocument();
      359 |     });
      360 |   });

      at waitForWrapper (node_modules/@testing-library/dom/dist/wait-for.js:163:27)
      at Object.<anonymous> (src/__tests__/app/page.test.tsx:357:18)

  ● Home Page › should validate required fields in add client form

    Unable to find an element with the text: Add New Client. This could be because the text is broken up by multiple elements. In this case, you can provide a function for your text matcher to make your matcher more flexible.

    Ignored nodes: comments, script, style
    [36m<body>[39m
      [36m<div>[39m
        [36m<div[39m
          [33mclass[39m=[32m"bg-white min-h-screen"[39m
        [36m>[39m
          [36m<header[39m
            [33mclass[39m=[32m"fixed top-0 inset-x-0 z-40 bg-white/95 backdrop-blur supports-[backdrop-filter]:bg-white/80 shadow-sm"[39m
          [36m>[39m
            [36m<div[39m
              [33mclass[39m=[32m"max-w-screen-2xl mx-auto px-3 sm:px-4 lg:px-6"[39m
            [36m>[39m
              [36m<div[39m
                [33mclass[39m=[32m"flex justify-between items-center py-3"[39m
              [36m>[39m
                [36m<div[39m
                  [33mclass[39m=[32m"flex items-center gap-3"[39m
                [36m>[39m
                  [36m<img[39m
                    [33malt[39m=[32m"Logo"[39m
                    [33mclass[39m=[32m"rounded"[39m
                    [33mheight[39m=[32m"32"[39m
                    [33msrc[39m=[32m"/ic_logo_crocodic_square.png"[39m
                    [33mwidth[39m=[32m"32"[39m
                  [36m/>[39m
                  [36m<span[39m
                    [33mclass[39m=[32m"font-semibold"[39m
                  [36m>[39m
                    [0mProposal Manager[0m
                  [36m</span>[39m
                [36m</div>[39m
                [36m<div[39m
                  [33mclass[39m=[32m"flex items-center gap-3"[39m
                [36m>[39m
                  [36m<button[39m
                    [33mclass[39m=[32m"text-sm text-gray-600 hover:text-black"[39m
                  [36m>[39m
                    [0mHome[0m
                  [36m</button>[39m
                  [36m<div[39m
                    [33mclass[39m=[32m"flex items-center gap-2"[39m
                  [36m>[39m
                    [36m<span[39m
                      [33mclass[39m=[32m"text-sm text-gray-600"[39m
                    [36m>[39m
                      [0mTest User[0m
                    [36m</span>[39m
                    [36m<span[39m
                      [33mclass[39m=[32m"text-xs text-gray-500"[39m
                    [36m>[39m
                      [0m([0m
                      [0mDeveloper[0m
                      [0m)[0m
                    [36m</span>[39m
                  [36m</div>[39m
                  [36m<button[39m
                    [33mclass[39m=[32m"text-sm text-gray-600 hover:text-black"[39m
                  [36m>[39m
                    [0mLogout[0m
                  [36m</button>[39m
                  [36m<img[39m
                    [33malt[39m=[32m"User"[39m
                    [33mclass[39m=[32m"rounded-full"[39m
                    [33mheight[39m=[32m"32"[39m
                    [33msrc[39m=[32m"/vercel.svg"[39m
                    [33mwidth[39m=[32m"32"[39m
                  [36m/>[39m
                [36m</div>[39m
              [36m</div>[39m
            [36m</div>[39m
          [36m</header>[39m
          [36m<div[39m
            [33maria-hidden[39m=[32m"true"[39m
            [33mclass[39m=[32m"h-14"[39m
          [36m/>[39m
          [36m<main[39m
            [33mclass[39m=[32m"max-w-screen-2xl mx-auto px-3 sm:px-4 lg:px-6 py-6 space-y-8"[39m
          [36m>[39m
            [36m<form[39m
              [33mclass[39m=[32m"p-6 bg-gradient-to-r from-blue-600 to-cyan-500 rounded-lg text-white shadow-lg"[39m
            [36m>[39m
              [36m<h2[39m
                [33mclass[39m=[32m"text-2xl font-bold"[39m
              [36m>[39m
                [0mAdd new client[0m
              [36m</h2>[39m
              [36m<p[39m
                [33mclass[39m=[32m"opacity-80"[39m
              [36m>[39m
                [0mDon't worry, we don't spam 🥳[0m
              [36m</p>[39m
              [36m<div[39m
                [33mclass[39m=[32m"mt-4 grid grid-cols-1 md:grid-cols-2 lg:grid-cols-6 gap-4 items-end"[39m
              [36m>[39m
                [36m<div[39m
                  [33mclass[39m=[32m"col-span-1 lg:col-span-1 relative"[39m
                [36m>[39m
                  [36m<label[39m
                    [33mclass[39m=[32m"block text-sm font-medium"[39m
                  [36m>[39m
                    [0mCompany[0m
                  [36m</label>[39m
                  [36m<input[39m
                    [33mclass[39m=[32m"mt-1 w-full text-gray-900 text-sm rounded-lg p-2.5 bg-white shadow-sm"[39m
                    [33mplaceholder[39m=[32m"Company name"[39m
                    [33mvalue[39m=[32m""[39m
                  [36m/>[39m
                [36m</div>[39m
                [36m<div>[39m
                  [36m<label[39m
                    [33mclass[39m=[32m"block text-sm font-medium"[39m
                  [36m>[39m
                    [0mLocation[0m
                  [36m</label>[39m
                  [36m<input[39m
                    [33mclass[39m=[32m"mt-1 w-full text-gray-900 text-sm rounded-lg p-2.5 bg-white shadow-sm"[39m
                    [33mplaceholder[39m=[32m"Location"[39m
                    [33mvalue[39m=[32m""[39m
                  [36m/>[39m
                [36m</div>[39m
                [36m<div>[39m
                  [36m<label[39m
                    [33mclass[39m=[32m"block text-sm font-medium"[39m
                  [36m>[39m
                    [0mBadan Usaha[0m
                  [36m</label>[39m
                  [36m<select[39m
                    [33mclass[39m=[32m"mt-1 w-full text-gray-900 text-sm rounded-lg p-2.5 bg-white shadow-sm"[39m
                  [36m>[39m
                    [36m<option>[39m
                      [0mSwasta[0m
                    [36m</option>[39m
                    [36m<option>[39m
                      [0mPemerintah[0m
                    [36m</option>[39m
                    [36m<option>[39m
                      [0mPersonal[0m
                    [36m</option>[39m
                  [36m</select>[39m
                [36m</div>[39m
                [36m<div>[39m
                  [36m<label[39m
                    [33mclass[39m=[32m"block text-sm font-medium"[39m
                  [36m>[39m
                    [0mPIC Name[0m
                  [36m</label>[39m
                  [36m<input[39m
                    [33mclass[39m=[32m"mt-1 w-full text-gray-900 text-sm rounded-lg p-2.5 bg-white shadow-sm"[39m
                    [33mplaceholder[39m=[32m"Full name"[39m
                    [33mvalue[39m=[32m""[39m
                  [36m/>[39m
                [36m</div>[39m
                [36m<div>[39m
                  [36m<label[39m
                    [33mclass[39m=[32m"block text-sm font-medium"[39m
                  [36m>[39m
                    [0mPosition[0m
                  [36m</label>[39m
                  [36m<input[39m
                    [33mclass[39m=[32m"mt-1 w-full text-gray-900 text-sm rounded-lg p-2.5 bg-white shadow-sm"[39m
                    [33mplaceholder[39m=[32m"Position"[39m
                    [33mvalue[39m=[32m""[39m
                  [36m/>[39m
                [36m</div>[39m
                [36m<div>[39m
                  [36m<button[39m
                    [33mclass[39m=[32m"w-full py-2.5 rounded-lg text-black bg-yellow-400 hover:bg-yellow-500"[39m
                  [36m>[39m
                    [0mSave[0m
                  [36m</button>[39m
                [36m</div>[39m
              [36m</div>[39m
            [36m</fo...

      369 |     render(<Home />);
      370 |
    > 371 |     await waitFor(() => {
          |                  ^
      372 |       expect(screen.getByText('Add New Client')).toBeInTheDocument();
      373 |     });
      374 |

      at waitForWrapper (node_modules/@testing-library/dom/dist/wait-for.js:163:27)
      at Object.<anonymous> (src/__tests__/app/page.test.tsx:371:18)

  ● Home Page › should handle mobile view correctly

    TestingLibraryElementError: Unable to find an accessible element with the role "button" and name "Menu"

    Here are the accessible roles:

      banner:

      Name "":
      [36m<header[39m
        [33mclass[39m=[32m"fixed top-0 inset-x-0 z-40 bg-white/95 backdrop-blur supports-[backdrop-filter]:bg-white/80 shadow-sm"[39m
      [36m/>[39m

      --------------------------------------------------
      img:

      Name "Logo":
      [36m<img[39m
        [33malt[39m=[32m"Logo"[39m
        [33mclass[39m=[32m"rounded"[39m
        [33mheight[39m=[32m"32"[39m
        [33msrc[39m=[32m"/ic_logo_crocodic_square.png"[39m
        [33mwidth[39m=[32m"32"[39m
      [36m/>[39m

      Name "User":
      [36m<img[39m
        [33malt[39m=[32m"User"[39m
        [33mclass[39m=[32m"rounded-full"[39m
        [33mheight[39m=[32m"32"[39m
        [33msrc[39m=[32m"/vercel.svg"[39m
        [33mwidth[39m=[32m"32"[39m
      [36m/>[39m

      --------------------------------------------------
      button:

      Name "Home":
      [36m<button[39m
        [33mclass[39m=[32m"text-sm text-gray-600 hover:text-black"[39m
      [36m/>[39m

      Name "Logout":
      [36m<button[39m
        [33mclass[39m=[32m"text-sm text-gray-600 hover:text-black"[39m
      [36m/>[39m

      Name "Save":
      [36m<button[39m
        [33mclass[39m=[32m"w-full py-2.5 rounded-lg text-black bg-yellow-400 hover:bg-yellow-500"[39m
      [36m/>[39m

      Name "Add Project":
      [36m<button[39m
        [33mclass[39m=[32m"inline-flex items-center gap-2 bg-blue-600 text-white font-medium py-2 px-3 rounded-lg hover:bg-blue-700"[39m
      [36m/>[39m

      Name "Filter":
      [36m<button[39m
        [33mclass[39m=[32m"inline-flex items-center gap-2 border border-gray-300 text-gray-700 py-2 px-3 rounded-lg hover:bg-gray-50"[39m
      [36m/>[39m

      Name "Filter":
      [36m<button[39m
        [33mclass[39m=[32m"inline-flex items-center gap-2 border border-gray-300 text-gray-700 py-2 px-3 rounded-lg hover:bg-gray-50"[39m
      [36m/>[39m

      --------------------------------------------------
      main:

      Name "":
      [36m<main[39m
        [33mclass[39m=[32m"max-w-screen-2xl mx-auto px-3 sm:px-4 lg:px-6 py-6 space-y-8"[39m
      [36m/>[39m

      --------------------------------------------------
      heading:

      Name "Add new client":
      [36m<h2[39m
        [33mclass[39m=[32m"text-2xl font-bold"[39m
      [36m/>[39m

      Name "Project":
      [36m<h2[39m
        [33mclass[39m=[32m"text-2xl font-bold"[39m
      [36m/>[39m

      Name "Recent Clients":
      [36m<h2[39m
        [33mclass[39m=[32m"text-2xl font-bold"[39m
      [36m/>[39m

      --------------------------------------------------
      paragraph:

      Name "":
      [36m<p[39m
        [33mclass[39m=[32m"opacity-80"[39m
      [36m/>[39m

      Name "":
      [36m<p[39m
        [33mclass[39m=[32m"text-gray-500"[39m
      [36m/>[39m

      Name "":
      [36m<p[39m
        [33mclass[39m=[32m"text-gray-500"[39m
      [36m/>[39m

      --------------------------------------------------
      textbox:

      Name "":
      [36m<input[39m
        [33mclass[39m=[32m"mt-1 w-full text-gray-900 text-sm rounded-lg p-2.5 bg-white shadow-sm"[39m
        [33mplaceholder[39m=[32m"Company name"[39m
        [33mvalue[39m=[32m""[39m
      [36m/>[39m

      Name "":
      [36m<input[39m
        [33mclass[39m=[32m"mt-1 w-full text-gray-900 text-sm rounded-lg p-2.5 bg-white shadow-sm"[39m
        [33mplaceholder[39m=[32m"Location"[39m
        [33mvalue[39m=[32m""[39m
      [36m/>[39m

      Name "":
      [36m<input[39m
        [33mclass[39m=[32m"mt-1 w-full text-gray-900 text-sm rounded-lg p-2.5 bg-white shadow-sm"[39m
        [33mplaceholder[39m=[32m"Full name"[39m
        [33mvalue[39m=[32m""[39m
      [36m/>[39m

      Name "":
      [36m<input[39m
        [33mclass[39m=[32m"mt-1 w-full text-gray-900 text-sm rounded-lg p-2.5 bg-white shadow-sm"[39m
        [33mplaceholder[39m=[32m"Position"[39m
        [33mvalue[39m=[32m""[39m
      [36m/>[39m

      Name "":
      [36m<input[39m
        [33mclass[39m=[32m"w-full pl-10 pr-4 py-2 border border-gray-300 rounded-lg bg-white placeholder-gray-400"[39m
        [33mplaceholder[39m=[32m"Search client name, project name, company..."[39m
        [33mtype[39m=[32m"text"[39m
        [33mvalue[39m=[32m""[39m
      [36m/>[39m

      Name "":
      [36m<input[39m
        [33mclass[39m=[32m"w-full pl-10 pr-4 py-2 border border-gray-300 rounded-lg bg-white placeholder-gray-400"[39m
        [33mplaceholder[39m=[32m"Search client name, project name, company..."[39m
        [33mtype[39m=[32m"text"[39m
        [33mvalue[39m=[32m""[39m
      [36m/>[39m

      --------------------------------------------------
      combobox:

      Name "":
      [36m<select[39m
        [33mclass[39m=[32m"mt-1 w-full text-gray-900 text-sm rounded-lg p-2.5 bg-white shadow-sm"[39m
      [36m/>[39m

      --------------------------------------------------
      option:

      Name "Swasta":
      [36m<option />[39m

      Name "Pemerintah":
      [36m<option />[39m

      Name "Personal":
      [36m<option />[39m

      --------------------------------------------------
      table:

      Name "":
      [36m<table[39m
        [33mclass[39m=[32m"w-full text-sm text-left"[39m
      [36m/>[39m

      --------------------------------------------------
      rowgroup:

      Name "":
      [36m<thead[39m
        [33mclass[39m=[32m"text-xs text-gray-700 uppercase bg-gray-50"[39m
      [36m/>[39m

      Name "":
      [36m<tbody />[39m

      --------------------------------------------------
      row:

      Name "Date In PIC Name Position Company Badan Usaha Location Category Action":
      [36m<tr />[39m

      --------------------------------------------------
      columnheader:

      Name "Date In":
      [36m<th[39m
        [33mclass[39m=[32m"px-6 py-3"[39m
      [36m/>[39m

      Name "PIC Name":
      [36m<th[39m
        [33mclass[39m=[32m"px-6 py-3"[39m
      [36m/>[39m

      Name "Position":
      [36m<th[39m
        [33mclass[39m=[32m"px-6 py-3"[39m
      [36m/>[39m

      Name "Company":
      [36m<th[39m
        [33mclass[39m=[32m"px-6 py-3"[39m
      [36m/>[39m

      Name "Badan Usaha":
      [36m<th[39m
        [33mclass[39m=[32m"px-6 py-3"[39m
      [36m/>[39m

      Name "Location":
      [36m<th[39m
        [33mclass[39m=[32m"px-6 py-3"[39m
      [36m/>[39m

      Name "Category":
      [36m<th[39m
        [33mclass[39m=[32m"px-6 py-3"[39m
      [36m/>[39m

      Name "Action":
      [36m<th[39m
        [33mclass[39m=[32m"px-6 py-3"[39m
      [36m/>[39m

      --------------------------------------------------

    Ignored nodes: comments, script, style
    [36m<body>[39m
      [36m<div>[39m
        [36m<div[39m
          [33mclass[39m=[32m"bg-white min-h-screen"[39m
        [36m>[39m
          [36m<header[39m
            [33mclass[39m=[32m"fixed top-0 inset-x-0 z-40 bg-white/95 backdrop-blur supports-[backdrop-filter]:bg-white/80 shadow-sm"[39m
          [36m>[39m
            [36m<div[39m
              [33mclass[39m=[32m"max-w-screen-2xl mx-auto px-3 sm:px-4 lg:px-6"[39m
            [36m>[39m
              [36m<div[39m
                [33mclass[39m=[32m"flex justify-between items-center py-3"[39m
              [36m>[39m
                [36m<div[39m
                  [33mclass[39m=[32m"flex items-center gap-3"[39m
                [36m>[39m
                  [36m<img[39m
                    [33malt[39m=[32m"Logo"[39m
                    [33mclass[39m=[32m"rounded"[39m
                    [33mheight[39m=[32m"32"[39m
                    [33msrc[39m=[32m"/ic_logo_crocodic_square.png"[39m
                    [33mwidth[39m=[32m"32"[39m
                  [36m/>[39m
                  [36m<span[39m
                    [33mclass[39m=[32m"font-semibold"[39m
                  [36m>[39m
                    [0mProposal Manager[0m
                  [36m</span>[39m
                [36m</div>[39m
                [36m<div[39m
                  [33mclass[39m=[32m"flex items-center gap-3"[39m
                [36m>[39m
                  [36m<button[39m
                    [33mclass[39m=[32m"text-sm text-gray-600 hover:text-black"[39m
                  [36m>[39m
                    [0mHome[0m
                  [36m</button>[39m
                  [36m<div[39m
                    [33mclass[39m=[32m"flex items-center gap-2"[39m
                  [36m>[39m
                    [36m<span[39m
                      [33mclass[39m=[32m"text-sm text-gray-600"[39m
                    [36m>[39m
                      [0mTest User[0m
                    [36m</span>[39m
                    [36m<span[39m
                      [33mclass[39m=[32m"text-xs text-gray-500"[39m
                    [36m>[39m
                      [0m([0m
                      [0mDeveloper[0m
                      [0m)[0m
                    [36m</span>[39m
                  [36m</div>[39m
                  [36m<button[39m
                    [33mclass[39m=[32m"text-sm text-gray-600 hover:text-black"[39m
                  [36m>[39m
                    [0mLogout[0m
                  [36m</button>[39m
                  [36m<img[39m
                    [33malt[39m=[32m"User"[39m
                    [33mclass[39m=[32m"rounded-full"[39m
                    [33mheight[39m=[32m"32"[39m
                    [33msrc[39m=[32m"/vercel.svg"[39m
                    [33mwidth[39m=[32m"32"[39m
                  [36m/>[39m
                [36m</div>[39m
              [36m</div>[39m
            [36m</div>[39m
          [36m</header>[39m
          [36m<div[39m
            [33maria-hidden[39m=[32m"true"[39m
            [33mclass[39m=[32m"h-14"[39m
          [36m/>[39m
          [36m<main[39m
            [33mclass[39m=[32m"max-w-screen-2xl mx-auto px-3 sm:px-4 lg:px-6 py-6 space-y-8"[39m
          [36m>[39m
            [36m<form[39m
              [33mclass[39m=[32m"p-6 bg-gradient-to-r from-blue-600 to-cyan-500 rounded-lg text-white shadow-lg"[39m
            [36m>[39m
              [36m<h2[39m
                [33mclass[39m=[32m"text-2xl font-bold"[39m
              [36m>[39m
                [0mAdd new client[0m
              [36m</h2>[39m
              [36m<p[39m
                [33mclass[39m=[32m"opacity-80"[39m
              [36m>[39m
                [0mDon't worry, we don't spam 🥳[0m
              [36m</p>[39m
              [36m<div[39m
                [33mclass[39m=[32m"mt-4 grid grid-cols-1 md:grid-cols-2 lg:grid-cols-6 gap-4 items-end"[39m
              [36m>[39m
                [36m<div[39m
                  [33mclass[39m=[32m"col-span-1 lg:col-span-1 relative"[39m
                [36m>[39m
                  [36m<label[39m
                    [33mclass[39m=[32m"block text-sm font-medium"[39m
                  [36m>[39m
                    [0mCompany[0m
                  [36m</label>[39m
                  [36m<input[39m
                    [33mclass[39m=[32m"mt-1 w-full text-gray-900 text-sm rounded-lg p-2.5 bg-white shadow-sm"[39m
                    [33mplaceholder[39m=[32m"Company name"[39m
                    [33mvalue[39m=[32m""[39m
                  [36m/>[39m
                [36m</div>[39m
                [36m<div>[39m
                  [36m<label[39m
                    [33mclass[39m=[32m"block text-sm font-medium"[39m
                  [36m>[39m
                    [0mLocation[0m
                  [36m</label>[39m
                  [36m<input[39m
                    [33mclass[39m=[32m"mt-1 w-full text-gray-900 text-sm rounded-lg p-2.5 bg-white shadow-sm"[39m
                    [33mplaceholder[39m=[32m"Location"[39m
                    [33mvalue[39m=[32m""[39m
                  [36m/>[39m
                [36m</div>[39m
                [36m<div>[39m
                  [36m<label[39m
                    [33mclass[39m=[32m"block text-sm font-medium"[39m
                  [36m>[39m
                    [0mBadan Usaha[0m
                  [36m</label>[39m
                  [36m<select[39m
                    [33mclass[39m=[32m"mt-1 w-full text-gray-900 text-sm rounded-lg p-2.5 bg-white shadow-sm"[39m
                  [36m>[39m
                    [36m<option>[39m
                      [0mSwasta[0m
                    [36m</option>[39m
                    [36m<option>[39m
                      [0mPemerintah[0m
                    [36m</option>[39m
                    [36m<option>[39m
                      [0mPersonal[0m
                    [36m</option>[39m
                  [36m</select>[39m
                [36m</div>[39m
                [36m<div>[39m
                  [36m<label[39m
                    [33mclass[39m=[32m"block text-sm font-medium"[39m
                  [36m>[39m
                    [0mPIC Name[0m
                  [36m</label>[39m
                  [36m<input[39m
                    [33mclass[39m=[32m"mt-1 w-full text-gray-900 text-sm rounded-lg p-2.5 bg-white shadow-sm"[39m
                    [33mplaceholder[39m=[32m"Full name"[39m
                    [33mvalue[39m=[32m""[39m
                  [36m/>[39m
                [36m</div>[39m
                [36m<div>[39m
                  [36m<label[39m
                    [33mclass[39m=[32m"block text-sm font-medium"[39m
                  [36m>[39m
                    [0mPosition[0m
                  [36m</label>[39m
                  [36m<input[39m
                    [33mclass[39m=[32m"mt-1 w-full text-gray-900 text-sm rounded-lg p-2.5 bg-white shadow-sm"[39m
                    [33mplaceholder[39m=[32m"Position"[39m
                    [33mvalue[39m=[32m""[39m
                  [36m/>[39m
                [36m</div>[39m
                [36m<div>[39m
                  [36m<button[39m
                    [33mclass[39m=[32m"w-full py-2.5 rounded-lg text-black bg-yellow-400 hover:bg-yellow-500"[39m
                  [36m>[39m
                    [0mSave[0m
                  [36m</button>[39m
                [36m</div>[39m
              [36m</div>[39m
            [36m</form>[39m
            [36m<div>[39m
              [36m<div[39m
                [33mclass[39m=[32m"flex justify-between items-center mb-4"[39m
              [36m>[39m
                [36m<div>[39m
                  [36m<h2[39m
                    [33mclass[39m=[32m"text-2xl font-bold"[39m
                  [36m>[39m
                    [0mProject[0m
                  [36m</h2>[39m
                  [36m<p[39m
                    [33mclass[39m=[32m"text-gray-500"[39m
                  [36m>[39m
                    [0mAll-inclusive vacations and flights to the Caribbean[0m
                  [36m</p>[39m
                [36m</div>[39m
                [36m<div[39m
                  [33mclass[39m=[32m"flex items-center gap-2"[39m
                [36m>[39m
                  [36m<button[39m
                    [33mclass[39m=[32m"inline-flex items-center gap-2 bg-blue-600 text-white font-medium py-2 px-3 rounded-lg hover:bg-blue-700"[39m
                  [36m>[39m
                    [36m<svg[39m
                      [33mclass[39m=[32m"w-4 h-4"[39m
                      [33mfill[39m=[32m"none"[39m
                      [33mstroke[39m=[32m"currentColor"[39m
                      [33mviewBox[39m=[32m"0 0 24 24"[39m
                      [33mxmlns[39m=[32m"http://www.w3.org/2000/svg"[39m
                    [36m>[39m
                      [36m<path[39m
                        [33md[39m=[32m"M12 4v16m8-8H4"[39m
                        [33mstroke-linecap[39m=[32m"round"[39m
                        [33mstroke-linejoin[39m=[32m"round"[39m
                        [33mstroke-width[39m=[32m"2"[39m
                      [36m/>[39m
                    [36m</svg>[39m
                    [0mAdd Project[0m
                  [36m</button>[39m
                  [36m<button[39m
                    [33mclass[39m=[32m"inline-flex items-center gap-2 border border-gray-300 text-gray-700 py-2 px-3 rounded-lg hover:bg-gray-50"[39m
                  [36m>[39m
                    [36m<svg[39m
                      [33mclass[39m=[32m"w-4 h-4"[39m
                      [33mfill[39m=[32m"none"[39m
                      [33mstroke[39m=[32m"currentColor"[39m
                      [33mviewBox[39m=[32m"0 0 24 24"[39m
                      [33mxmlns[39m=[32m"http://www.w3.org/2000/svg"[39m
                    [36m>[39m
                      [36m<path[39m
                        [33md[39m=[32m"M3 4h18M7 10h10M10 16h4"[39m
                        [33mstroke-linecap[39m=[32m"round"[39m
                        [33mstroke-linejoin[39m=[32m"round"[39m
                        [33mstroke-width[39m=[32m"2"[39m
                      [36m/>[39m
                    [36m</svg>[39m
                    [0mFilter[0m
                  [36m</button>[39m
                [36m</div>[39m
              [36m</div>[39m
              [36m<div[39m
                [33mclass[39m=[32m"relative mb-4"[39m
              [36m>[39m
                [36m<input[39m
                  [33mclass[39m=[32m"w-full pl-10 pr-4 py-2 border border-gray-300 rounded-lg bg-white placeholder-gray-400"[39m
                  [33mplaceholder[39m=[32m"Search client name, project name, company..."[39m
                  [33mtype[39m=[32m"text"[39m
                  [33mvalue[39m=[32m""[39m
                [36m/>[39m
                [36m<div[39m
                  [33mclass[39m=[32m"absolute inset-y-0 left-0 pl-3 flex items-center pointer-events-none"[39m
                [36m>[39m
                  [36m<svg[39m
                    [33mclass[39m=[32m"h-5 w-5 text-gray-400"[39m
                    [33mfill[39m=[32m"none"[39m
                    [33mstroke[39m=[32m"currentColor"[39m
                    [33mviewBox[39m=[32m"0 0 24 24"[39m
                    [33mxmlns[39m=[32m"http://www.w3.org/2000/svg"[39m
                  [36m>[39m
                    [36m<path[39m
                      [33md[39m=[32m"M21 21l-6-6m2-5a7 7 0 11-14 0 7 7 0 0114 0z"[39m
                      [33mstroke-linecap[39m=[32m"round"[39m
                      [33mstroke-linejoin[39m=[32m"round"[39m
                      [33mstroke-width[39m=[32m"2"[39m
                    [36m/>[39m
                  [36m</svg>[39m
                [36m</div>[39m
              [36m</div>[39m
              [36m<div[39m
                [33mclass[39m=[32m"grid grid-cols-1 sm:grid-cols-2 md:grid-cols-3 lg:grid-cols-4 gap-6"[39m
              [36m/>[39m
              [36m<div[39m
                [33mclass[39m=[32m"flex justify-center mt-6 space-x-2"[39m
              [36m>[39m
                [36m<div[39m
                  [33mclass[39m=[32m"w-3 h-3 bg-blue-600 rounded-full"[39m
                [36m/>[39m
                [36m<div[39m
                  [33mclass[39m=[32m"w-3 h-3 bg-gray-300 rounded-full"[39m
                [36m/>[39m
                [36m<div[39m
                  [33mclass[39m=[32m"w-3 h-3 bg-gray-300 rounded-full"[39m
                [36m/>[39m
                [36m<div[39m
                  [33mclass[39m=[32m"w-3 h-3 bg-gray-300 rounded-full"[39m
                [36m/>[39m
              [36m</div>[39m
            [36m</div>[39m
            [36m<div>[39m
              [36m<div[39m
                [33mclass[39m=[32m"flex justify-between items-center mb-4"[39m
              [36m>[39m
                [36m<div>[39m
                  [36m<h2[39m
                    [33mclass[39m=[32m"text-2xl font-bold"[39m
                  [36m>[39m
                    [0mRecent Clients[0m
                  [36m</h2>[39m
                  [36m<p[39m
                    [33mclass[39m=[32m"text-gray-500"[39m
                  [36m>[39m
                    [0mAll-inclusive vacations and flights to the Caribbean[0m
                  [36m</p>[39m
                [36m</div>[39m
              [36m</div>[39m
              [36m<div[39m
                [33mclass[39m=[32m"mb-4 flex items-center gap-2"[39m
              [36m>[39m
                [36m<div[39m
                  [33mclass[39m=[32m"relative flex-1"[39m
                [36m>[39m
                  [36m<input[39m
                    [33mclass[39m=[32m"w-full pl-10 pr-4 py-2 border border-gray-300 rounded-lg bg-white placeholder-gray-400"[39m
                    [33mplaceholder[39m=[32m"Search client name, project name, company..."[39m
                    [33mtype[39m=[32m"text"[39m
                    [33mvalue[39m=[32m""[39m
                  [36m/>[39m
                  [36m<div[39m
                    [33mclass[39m=[32m"absolute inset-y-0 left-0 pl-3 flex items-center pointer-events-none"[39m
                  [36m>[39m
                    [36m<svg[39m
                      [33mclass[39m=[32m"h-5 w-5 text-gray-400"[39m
                      [33mfill[39m=[32m"none"[39m
                      [33mstroke[39m=[32m"currentColor"[39m
                      [33mviewBox[39m=[32m"0 0 24 24"[39m
                      [33mxmlns[39m=[32m"http://www.w3.org/2000/svg"[39m
                    [36m>[39m
                      [36m<path[39m
                        [33md[39m=[32m"M21 21l-6-6m2-5a7 7 0 11-14 0 7 7 0 0114 0z"[39m
                        [33mstroke-linecap[39m=[32m"round"[39m
                        [33mstroke-linejoin[39m=[32m"round"[39m
                        [33mstroke-width[39m=[32m"2"[39m
                      [36m/>[39m
                    [36m</svg>[39m
                  [36m</div>[39m
                [36m</div>[39m
                [36m<button[39m
                  [33mclass[39m=[32m"inline-flex items-center gap-2 border border-gray-300 text-gray-700 py-2 px-3 rounded-lg hover:bg-gray-50"[39m
                [36m>[39m
                  [36m<svg[39m
                    [33mclass[39m=[32m"w-4 h-4"[39m
                    [33mfill[39m=[32m"none"[39m
                    [33mstroke[39m=[32m"currentColor"[39m
                    [33mviewBox[39m=[32m"0 0 24 24"[39m
                    [33mxmlns[39m=[32m"http://www.w3.org/2000/svg"[39m
                  [36m>[39m
                    [36m<path[39m
                      [33md[39m=[32m"M3 4h18M7 10h10M10 16h4"[39m
                      [33mstroke-linecap[39m=[32m"round"[39m
                      [33mstroke-linejoin[39m=[32m"round"[39m
                      [33mstroke-width[39m=[32m"2"[39m
                    [36m/>[39m
                  [36m</svg>[39m
                  [0mFilter[0m
                [36m</button>[39m
              [36m</div>[39m
              [36m<div[39m
                [33mclass[39m=[32m"bg-white rounded-lg shadow-sm border border-gray-200 overflow-x-auto"[39m
              [36m>[39m
                [36m<table[39m
                  [33mclass[39m=[32m"w-full text-sm text-left"[39m
                [36m>[39m
                  [36m<thead[39m
                    [33mclass[39m=[32m"text-xs text-gray-700 uppercase bg-gray-50"[39m
                  [36m>[39m
                    [36m<tr>[39m
                      [36m<th[39m
                        [33mclass[39m=[32m"px-6 py-3"[39m
                      [36m>[39m
                        [0mDate In[0m
                      [36m</th>[39m
                      [36m<th[39m
                        [33mclass[39m=[32m"px-6 py-3"[39m
                      [36m>[39m
                        [0mPIC Name[0m
                      [36m</th>[39m
                      [36m<th[39m
                        [33mclass[39m=[32m"px-6 py-3"[39m
                      [36m>[39m
                        [0mPosition[0m
                      [36m</th>[39m
                      [36m<th[39m
                        [33mclass[39m=[32m"px-6 py-3"[39m
                      [36m>[39m
                        [0mCompany[0m
                      [36m</th>[39m
                      [36m<th[39m
                        [33mclass[39m=[32m"px-6 py-3"[39m
                      [36m>[39m
                        [0mBadan Usaha[0m
                      [36m</th>[39m
                      [36m<th[39m
                        [33mclass[39m=[32m"px-6 py-3"[39m
                      [36m>[39m
                        [0mLocation[0m
                      [36m</th>[39m
                      [36m<th[39m
                        [33mclass[39m=[32m"px-6 py-3"[39m
                      [36m>[39m
                        [0mCategory[0m
                      [36m</th>[39m
                      [36m<th[39m
                        [33mclass[39m=[32m"px-6 py-3"[39m
                      [36m>[39m
                        [0mAction[0m
                      [36m</th>[39m
                    [36m</tr>[39m
                  [36m</thead>[39m
                  [36m<tbody />[39m
                [36m</table>[39m
              [36m</div>[39m
            [36m</div>[39m
          [36m</main>[39m
        [36m</div>[39m
      [36m</div>[39m
    [36m</body>[39m

      406 |
      407 |     // Should show mobile-friendly layout
    > 408 |     expect(screen.getByRole('button', { name: 'Menu' })).toBeInTheDocument();
          |                   ^
      409 |   });
      410 | });

      at Object.getElementError (node_modules/@testing-library/dom/dist/config.js:37:19)
      at node_modules/@testing-library/dom/dist/query-helpers.js:76:38
      at node_modules/@testing-library/dom/dist/query-helpers.js:52:17
      at node_modules/@testing-library/dom/dist/query-helpers.js:95:19
      at Object.getByRole (src/__tests__/app/page.test.tsx:408:19)

Test Suites: 4 failed, 8 passed, 12 total
Tests:       26 failed, 87 passed, 113 total
Snapshots:   0 total
Time:        16.451 s
Ran all test suites.
